<html>
<body>
<pre>
<h1>µVision Build Log</h1>
<h2>Tool Versions:</h2>
IDE-Version: µVision V5.18a
Copyright (C) 2016 ARM Ltd and ARM Germany GmbH. All rights reserved.
License Information: Lab Computer University of Guelph, School of Engineering Flex license: MDK-ARM Professional: 100 user(s) (mdk_pro) Operation stops: 21 Jun 2024
 
Tool Versions:
Toolchain:       MDK-ARM Professional: 100 user(s)  Version: 5.18a
Toolchain Path:  C:\Keil_v5\ARM\ARMCC\Bin
C Compiler:      Armcc.exe V5.06 update 1 (build 61)
Assembler:       Armasm.exe V5.06 update 1 (build 61)
Linker/Locator:  ArmLink.exe V5.06 update 1 (build 61)
Library Manager: ArmAr.exe V5.06 update 1 (build 61)
Hex Converter:   FromElf.exe V5.06 update 1 (build 61)
CPU DLL:         SARMCM3.DLL V5.18a
Dialog DLL:      DCM.DLL V1.13.6.0
Target DLL:      PEMicro\Pemicro_ArmCortexInterface.dll V1.11
Dialog DLL:      TCM.DLL V1.14.8.0
 
<h2>Project:</h2>
C:\Freescale\KSDK_1.2.0\examples\twrk60d100m\engg3640f21lab\LAB5 Broken\LABTEMP1.uvprojx
Project File Date:  11/19/2021

<h2>Output:</h2>
*** Using Compiler 'V5.06 update 1 (build 61)', folder: 'C:\Keil_v5\ARM\ARMCC\Bin'
Build target 'Target 1'
compiling main.c...
linking...
Program Size: Code=9312 RO-data=1376 RW-data=60 ZI-data=2064  
".\Objects\LABTEMP1.axf" - 0 Error(s), 0 Warning(s).

<h2>Collection of Component include folders:</h2>
  C:\Freescale\KSDK_1.2.0\examples\twrk60d100m\engg3640f21lab\LAB5 Broken\RTE
  C:\Keil_v5\ARM\PACK\Keil\Kinetis_K60_DFP\1.5.0\Device\Include

<h2>Collection of Component Files used:</h2>
Build Time Elapsed:  00:00:05
</pre>
</body>
</html>
