Component: ARM Compiler 5.06 update 1 (build 61) Tool: armlink [4d35a8]

==============================================================================

Section Cross References

    fsl_misc_utilities.o(i.__aeabi_assert) refers to _printf_percent.o(.ARM.Collect$$_printf_percent$$00000000) for _printf_percent
    fsl_misc_utilities.o(i.__aeabi_assert) refers to _printf_d.o(.ARM.Collect$$_printf_percent$$00000009) for _printf_d
    fsl_misc_utilities.o(i.__aeabi_assert) refers to _printf_s.o(.ARM.Collect$$_printf_percent$$00000014) for _printf_s
    fsl_misc_utilities.o(i.__aeabi_assert) refers to _printf_dec.o(.text) for _printf_int_dec
    fsl_misc_utilities.o(i.__aeabi_assert) refers to _printf_str.o(.text) for _printf_str
    fsl_misc_utilities.o(i.__aeabi_assert) refers to noretval__2printf.o(.text) for __2printf
    fsl_misc_utilities.o(i.assert_func) refers to fsl_debug_console.o(i.debug_printf) for debug_printf
    fsl_debug_console.o(i.DbgConsole_DeInit) refers to fsl_clock_mk60d10.o(i.CLOCK_SYS_DisableUartClock) for CLOCK_SYS_DisableUartClock
    fsl_debug_console.o(i.DbgConsole_DeInit) refers to fsl_debug_console.o(.bss) for s_debugConsole
    fsl_debug_console.o(i.DbgConsole_Init) refers to rt_memcpy_w.o(.text) for __aeabi_memcpy4
    fsl_debug_console.o(i.DbgConsole_Init) refers to fsl_clock_mk60d10.o(i.CLOCK_SYS_EnableUartClock) for CLOCK_SYS_EnableUartClock
    fsl_debug_console.o(i.DbgConsole_Init) refers to fsl_clock_mk60d10.o(i.CLOCK_SYS_GetUartFreq) for CLOCK_SYS_GetUartFreq
    fsl_debug_console.o(i.DbgConsole_Init) refers to fsl_uart_hal.o(i.UART_HAL_SetBaudRate) for UART_HAL_SetBaudRate
    fsl_debug_console.o(i.DbgConsole_Init) refers to fsl_uart_hal.o(i.UART_HAL_SetParityMode) for UART_HAL_SetParityMode
    fsl_debug_console.o(i.DbgConsole_Init) refers to fsl_debug_console.o(.bss) for s_debugConsole
    fsl_debug_console.o(i.DbgConsole_Init) refers to fsl_debug_console.o(.constdata) for .constdata
    fsl_debug_console.o(i.DbgConsole_Init) refers to fsl_uart_hal.o(i.UART_HAL_SendDataPolling) for UART_HAL_SendDataPolling
    fsl_debug_console.o(i.DbgConsole_Init) refers to fsl_uart_hal.o(i.UART_HAL_ReceiveDataPolling) for UART_HAL_ReceiveDataPolling
    fsl_debug_console.o(i.debug_getchar) refers to fsl_debug_console.o(.bss) for s_debugConsole
    fsl_debug_console.o(i.debug_printf) refers to print_scan.o(i._doprint) for _doprint
    fsl_debug_console.o(i.debug_printf) refers to fsl_debug_console.o(.bss) for s_debugConsole
    fsl_debug_console.o(i.debug_printf) refers to fsl_debug_console.o(i.debug_putc) for debug_putc
    fsl_debug_console.o(i.debug_putc) refers to fsl_debug_console.o(.bss) for s_debugConsole
    fsl_debug_console.o(i.debug_putchar) refers to fsl_debug_console.o(i.debug_putc) for debug_putc
    fsl_debug_console.o(i.debug_putchar) refers to fsl_debug_console.o(.bss) for s_debugConsole
    fsl_debug_console.o(i.debug_scanf) refers to fsl_debug_console.o(i.debug_getchar) for debug_getchar
    fsl_debug_console.o(i.debug_scanf) refers to print_scan.o(i.scan_prv) for scan_prv
    fsl_debug_console.o(i.debug_scanf) refers to fsl_debug_console.o(.bss) for s_debugConsole
    fsl_debug_console.o(i.fgetc) refers to fsl_debug_console.o(.bss) for s_debugConsole
    fsl_debug_console.o(i.fputc) refers to fsl_debug_console.o(.bss) for s_debugConsole
    print_scan.o(i._doprint) refers to print_scan.o(i.mknumstr) for mknumstr
    print_scan.o(i._doprint) refers to print_scan.o(i.fput_pad) for fput_pad
    print_scan.o(i._doprint) refers to strlen.o(.text) for strlen
    print_scan.o(i.scan_prv) refers to print_scan.o(i.scan_ignore_white_space) for scan_ignore_white_space
    startup_mk60d10.o(RESET) refers to startup_mk60d10.o(.text) for Reset_Handler
    startup_mk60d10.o(RESET) refers to asmmain.o(MyCode) for ADC0_IRQHandler
    startup_mk60d10.o(.text) refers to startup_mk60d10.o(FlashConfig) for FlashConfig
    startup_mk60d10.o(.text) refers to system_mk60d10.o(i.SystemInit) for SystemInit
    startup_mk60d10.o(.text) refers to startup.o(i.init_data_bss) for init_data_bss
    startup_mk60d10.o(.text) refers to __main.o(!!!main) for __main
    system_mk60d10.o(i.SystemCoreClockUpdate) refers to system_mk60d10.o(.data) for SystemCoreClock
    pin_mux.o(i.PORT_HAL_SetDriveStrengthMode) refers to fsl_misc_utilities.o(i.__aeabi_assert) for __aeabi_assert
    pin_mux.o(i.PORT_HAL_SetMuxMode) refers to fsl_misc_utilities.o(i.__aeabi_assert) for __aeabi_assert
    pin_mux.o(i.PORT_HAL_SetOpenDrainCmd) refers to fsl_misc_utilities.o(i.__aeabi_assert) for __aeabi_assert
    pin_mux.o(i.PORT_HAL_SetPassiveFilterCmd) refers to fsl_misc_utilities.o(i.__aeabi_assert) for __aeabi_assert
    pin_mux.o(i.PORT_HAL_SetPullCmd) refers to fsl_misc_utilities.o(i.__aeabi_assert) for __aeabi_assert
    pin_mux.o(i.PORT_HAL_SetPullMode) refers to fsl_misc_utilities.o(i.__aeabi_assert) for __aeabi_assert
[...]
    ../clib/printf_percent.s                 0x00000000   Number         0  _printf_percent.o ABSOLUTE
    ../clib/printf_percent.s                 0x00000000   Number         0  _printf_d.o ABSOLUTE
    ../clib/printf_percent.s                 0x00000000   Number         0  _printf_s.o ABSOLUTE
    ../clib/signal.c                         0x00000000   Number         0  defsig_rtmem_outer.o ABSOLUTE
    ../clib/signal.c                         0x00000000   Number         0  defsig_general.o ABSOLUTE
    ../clib/signal.c                         0x00000000   Number         0  __raise.o ABSOLUTE
    ../clib/signal.c                         0x00000000   Number         0  defsig_rtmem_inner.o ABSOLUTE
    ../clib/signal.c                         0x00000000   Number         0  defsig_other.o ABSOLUTE
    ../clib/signal.c                         0x00000000   Number         0  defsig_segv_inner.o ABSOLUTE
    ../clib/signal.c                         0x00000000   Number         0  defsig_cppl_inner.o ABSOLUTE
    ../clib/signal.c                         0x00000000   Number         0  defsig_pvfn_inner.o ABSOLUTE
    ../clib/signal.c                         0x00000000   Number         0  defsig_stak_inner.o ABSOLUTE
    ../clib/signal.c                         0x00000000   Number         0  defsig_rtred_inner.o ABSOLUTE
    ../clib/signal.c                         0x00000000   Number         0  defsig_exit.o ABSOLUTE
    ../clib/signal.c                         0x00000000   Number         0  defsig_fpe_inner.o ABSOLUTE
    ../clib/signal.c                         0x00000000   Number         0  defsig_abrt_inner.o ABSOLUTE
    ../clib/signal.c                         0x00000000   Number         0  defsig_rtmem_formal.o ABSOLUTE
    ../clib/signal.s                         0x00000000   Number         0  defsig.o ABSOLUTE
    ../clib/stdio.c                          0x00000000   Number         0  ferror_locked.o ABSOLUTE
    ../clib/stdio.c                          0x00000000   Number         0  ferror.o ABSOLUTE
    ../clib/stdlib.c                         0x00000000   Number         0  exit.o ABSOLUTE
    ../clib/string.c                         0x00000000   Number         0  strlen.o ABSOLUTE
    ../fplib/d2f.s                           0x00000000   Number         0  d2f.o ABSOLUTE
    ../fplib/ddiv.s                          0x00000000   Number         0  ddiv.o ABSOLUTE
    ../fplib/dflt.s                          0x00000000   Number         0  dflt_clz.o ABSOLUTE
    ../fplib/dmul.s                          0x00000000   Number         0  dmul.o ABSOLUTE
    ../fplib/dnaninf.s                       0x00000000   Number         0  dnaninf.o ABSOLUTE
    ../fplib/dretinf.s                       0x00000000   Number         0  dretinf.o ABSOLUTE
    ../fplib/faddsub.s                       0x00000000   Number         0  faddsub_clz.o ABSOLUTE
    ../fplib/ffix.s                          0x00000000   Number         0  ffix.o ABSOLUTE
    ../fplib/fflt.s                          0x00000000   Number         0  fflt_clz.o ABSOLUTE
    ../fplib/fmul.s                          0x00000000   Number         0  fmul.o ABSOLUTE
    ../fplib/fnaninf.s                       0x00000000   Number         0  fnaninf.o ABSOLUTE
    ../fplib/fpinit.s                        0x00000000   Number         0  fpinit.o ABSOLUTE
    ../fplib/fretinf.s                       0x00000000   Number         0  fretinf.o ABSOLUTE
    ../fplib/usenofp.s                       0x00000000   Number         0  usenofp.o ABSOLUTE
    ..\..\..\..\platform\devices\MK60D10\startup\system_MK60D10.c 0x00000000   Number         0  system_mk60d10.o ABSOLUTE
    ..\..\..\..\platform\devices\startup.c   0x00000000   Number         0  startup.o ABSOLUTE
    ..\..\..\..\platform\drivers\src\lptmr\fsl_lptmr_common.c 0x00000000   Number         0  fsl_lptmr_common.o ABSOLUTE
    ..\..\..\..\platform\drivers\src\lptmr\fsl_lptmr_driver.c 0x00000000   Number         0  fsl_lptmr_driver.o ABSOLUTE
    ..\..\..\..\platform\drivers\src\rtc\fsl_rtc_common.c 0x00000000   Number         0  fsl_rtc_common.o ABSOLUTE
    ..\..\..\..\platform\hal\src\lptmr\fsl_lptmr_hal.c 0x00000000   Number         0  fsl_lptmr_hal.o ABSOLUTE
    ..\..\..\..\platform\hal\src\mcg\fsl_mcg_hal.c 0x00000000   Number         0  fsl_mcg_hal.o ABSOLUTE
    ..\..\..\..\platform\hal\src\mcg\fsl_mcg_hal_modes.c 0x00000000   Number         0  fsl_mcg_hal_modes.o ABSOLUTE
    ..\..\..\..\platform\hal\src\osc\fsl_osc_hal.c 0x00000000   Number         0  fsl_osc_hal.o ABSOLUTE
    ..\..\..\..\platform\hal\src\sim\MK60D10\fsl_sim_hal_MK60D10.c 0x00000000   Number         0  fsl_sim_hal_mk60d10.o ABSOLUTE
    ..\..\..\..\platform\hal\src\uart\fsl_uart_hal.c 0x00000000   Number         0  fsl_uart_hal.o ABSOLUTE
    ..\..\..\..\platform\osa\src\fsl_os_abstraction_bm.c 0x00000000   Number         0  fsl_os_abstraction_bm.o ABSOLUTE
    ..\..\..\..\platform\system\src\clock\MK60D10\fsl_clock_MK60D10.c 0x00000000   Number         0  fsl_clock_mk60d10.o ABSOLUTE
    ..\..\..\..\platform\system\src\clock\fsl_clock_manager.c 0x00000000   Number         0  fsl_clock_manager.o ABSOLUTE
    ..\..\..\..\platform\system\src\clock\fsl_clock_manager_common.c 0x00000000   Number         0  fsl_clock_manager_common.o ABSOLUTE
    ..\..\..\..\platform\system\src\interrupt\fsl_interrupt_manager.c 0x00000000   Number         0  fsl_interrupt_manager.o ABSOLUTE
    ..\..\..\..\platform\utilities\src\fsl_debug_console.c 0x00000000   Number         0  fsl_debug_console.o ABSOLUTE
    ..\..\..\..\platform\utilities\src\fsl_misc_utilities.c 0x00000000   Number         0  fsl_misc_utilities.o ABSOLUTE
    ..\..\..\..\platform\utilities\src\print_scan.c 0x00000000   Number         0  print_scan.o ABSOLUTE
    ..\..\board.c                            0x00000000   Number         0  board.o ABSOLUTE
    ..\..\driver_examples\gpio\hardware_init.c 0x00000000   Number         0  hardware_init.o ABSOLUTE
    ..\..\gpio_pins.c                        0x00000000   Number         0  gpio_pins.o ABSOLUTE
    ..\..\pin_mux.c                          0x00000000   Number         0  pin_mux.o ABSOLUTE
    ..\\..\\..\\..\\platform\\devices\\MK60D10\\startup\\arm\\startup_MK60D10.s 0x00000000   Number         0  startup_mk60d10.o ABSOLUTE
    ..\\..\\..\\..\\platform\\devices\\MK60D10\\startup\\system_MK60D10.c 0x00000000   Number         0  system_mk60d10.o ABSOLUTE
    ..\\..\\..\\..\\platform\\devices\\startup.c 0x00000000   Number         0  startup.o ABSOLUTE
    ..\\..\\..\\..\\platform\\drivers\\src\\lptmr\\fsl_lptmr_driver.c 0x00000000   Number         0  fsl_lptmr_driver.o ABSOLUTE
    ..\\..\\..\\..\\platform\\utilities\\src\\fsl_debug_console.c 0x00000000   Number         0  fsl_debug_console.o ABSOLUTE
    ..\\..\\board.c                          0x00000000   Number         0  board.o ABSOLUTE
    ..\\..\\driver_examples\\gpio\\hardware_init.c 0x00000000   Number         0  hardware_init.o ABSOLUTE
    ..\\..\\gpio_pins.c                      0x00000000   Number         0  gpio_pins.o ABSOLUTE
    ..\\..\\pin_mux.c                        0x00000000   Number         0  pin_mux.o ABSOLUTE
    asmmain.s                                0x00000000   Number         0  asmmain.o ABSOLUTE
    dc.s                                     0x00000000   Number         0  dc.o ABSOLUTE
    fsl_lptmr_irq.c                          0x00000000   Number         0  fsl_lptmr_irq.o ABSOLUTE
    fsl_lptmr_irq.c                          0x00000000   Number         0  fsl_lptmr_irq.o ABSOLUTE
    main.c                                   0x00000000   Number         0  main.o ABSOLUTE
    main.c                                   0x00000000   Number         0  main.o ABSOLUTE
    FlashConfig                              0x00000400   Section       16  startup_mk60d10.o(FlashConfig)
    !!!main                                  0x00000410   Section        8  __main.o(!!!main)
    !!!scatter                               0x00000418   Section       52  __scatter.o(!!!scatter)
    !!handler_copy                           0x0000044c   Section       26  __scatter_copy.o(!!handler_copy)
    !!handler_zi                             0x00000468   Section       28  __scatter_zi.o(!!handler_zi)
    .ARM.Collect$$_printf_percent$$00000000  0x00000484   Section        0  _printf_percent.o(.ARM.Collect$$_printf_percent$$00000000)
    .ARM.Collect$$_printf_percent$$00000009  0x00000484   Section        6  _printf_d.o(.ARM.Collect$$_printf_percent$$00000009)
    .ARM.Collect$$_printf_percent$$00000014  0x0000048a   Section        6  _printf_s.o(.ARM.Collect$$_printf_percent$$00000014)
    .ARM.Collect$$_printf_percent$$00000017  0x00000490   Section        4  _printf_percent_end.o(.ARM.Collect$$_printf_percent$$00000017)
    .ARM.Collect$$libinit$$00000000          0x00000494   Section        2  libinit.o(.ARM.Collect$$libinit$$00000000)
    .ARM.Collect$$libinit$$00000002          0x00000496   Section        0  libinit2.o(.ARM.Collect$$libinit$$00000002)
    .ARM.Collect$$libinit$$00000004          0x00000496   Section        0  libinit2.o(.ARM.Collect$$libinit$$00000004)
    .ARM.Collect$$libinit$$0000000A          0x00000496   Section        0  libinit2.o(.ARM.Collect$$libinit$$0000000A)
    .ARM.Collect$$libinit$$0000000C          0x00000496   Section        0  libinit2.o(.ARM.Collect$$libinit$$0000000C)
    .ARM.Collect$$libinit$$0000000E          0x00000496   Section        0  libinit2.o(.ARM.Collect$$libinit$$0000000E)
    .ARM.Collect$$libinit$$00000011          0x00000496   Section        0  libinit2.o(.ARM.Collect$$libinit$$00000011)
    .ARM.Collect$$libinit$$00000013          0x00000496   Section        0  libinit2.o(.ARM.Collect$$libinit$$00000013)
    .ARM.Collect$$libinit$$00000015          0x00000496   Section        0  libinit2.o(.ARM.Collect$$libinit$$00000015)
    .ARM.Collect$$libinit$$00000017          0x00000496   Section        0  libinit2.o(.ARM.Collect$$libinit$$00000017)
    .ARM.Collect$$libinit$$00000019          0x00000496   Section        0  libinit2.o(.ARM.Collect$$libinit$$00000019)
    .ARM.Collect$$libinit$$0000001B          0x00000496   Section        0  libinit2.o(.ARM.Collect$$libinit$$0000001B)
    .ARM.Collect$$libinit$$0000001D          0x00000496   Section        0  libinit2.o(.ARM.Collect$$libinit$$0000001D)
    .ARM.Collect$$libinit$$0000001F          0x00000496   Section        0  libinit2.o(.ARM.Collect$$libinit$$0000001F)
    .ARM.Collect$$libinit$$00000021          0x00000496   Section        0  libinit2.o(.ARM.Collect$$libinit$$00000021)
    .ARM.Collect$$libinit$$00000023          0x00000496   Section        0  libinit2.o(.ARM.Collect$$libinit$$00000023)
    .ARM.Collect$$libinit$$00000025          0x00000496   Section        0  libinit2.o(.ARM.Collect$$libinit$$00000025)
    .ARM.Collect$$libinit$$0000002C          0x00000496   Section        0  libinit2.o(.ARM.Collect$$libinit$$0000002C)
    .ARM.Collect$$libinit$$0000002E          0x00000496   Section        0  libinit2.o(.ARM.Collect$$libinit$$0000002E)
    .ARM.Collect$$libinit$$00000030          0x00000496   Section        0  libinit2.o(.ARM.Collect$$libinit$$00000030)
    .ARM.Collect$$libinit$$00000032          0x00000496   Section        0  libinit2.o(.ARM.Collect$$libinit$$00000032)
    .ARM.Collect$$libinit$$00000033          0x00000496   Section        2  libinit2.o(.ARM.Collect$$libinit$$00000033)
    .ARM.Collect$$libshutdown$$00000000      0x00000498   Section        2  libshutdown.o(.ARM.Collect$$libshutdown$$00000000)
    .ARM.Collect$$libshutdown$$00000002      0x0000049a   Section        0  libshutdown2.o(.ARM.Collect$$libshutdown$$00000002)
    .ARM.Collect$$libshutdown$$00000004      0x0000049a   Section        0  libshutdown2.o(.ARM.Collect$$libshutdown$$00000004)
    .ARM.Collect$$libshutdown$$00000007      0x0000049a   Section        0  libshutdown2.o(.ARM.Collect$$libshutdown$$00000007)
    .ARM.Collect$$libshutdown$$0000000A      0x0000049a   Section        0  libshutdown2.o(.ARM.Collect$$libshutdown$$0000000A)
    .ARM.Collect$$libshutdown$$0000000C      0x0000049a   Section        0  libshutdown2.o(.ARM.Collect$$libshutdown$$0000000C)
    .ARM.Collect$$libshutdown$$0000000F      0x0000049a   Section        0  libshutdown2.o(.ARM.Collect$$libshutdown$$0000000F)
    .ARM.Collect$$libshutdown$$00000010      0x0000049a   Section        2  libshutdown2.o(.ARM.Collect$$libshutdown$$00000010)
    .ARM.Collect$$rtentry$$00000000          0x0000049c   Section        0  __rtentry.o(.ARM.Collect$$rtentry$$00000000)
    .ARM.Collect$$rtentry$$00000002          0x0000049c   Section        0  __rtentry2.o(.ARM.Collect$$rtentry$$00000002)
    .ARM.Collect$$rtentry$$00000007          0x0000049c   Section        4  __rtentry7.o(.ARM.Collect$$rtentry$$00000007)
    .ARM.Collect$$rtentry$$00000009          0x000004a0   Section        0  __rtentry2.o(.ARM.Collect$$rtentry$$00000009)
    .ARM.Collect$$rtentry$$0000000A          0x000004a0   Section        4  __rtentry2.o(.ARM.Collect$$rtentry$$0000000A)
    .ARM.Collect$$rtentry$$0000000C          0x000004a4   Section        0  __rtentry2.o(.ARM.Collect$$rtentry$$0000000C)
    .ARM.Collect$$rtentry$$0000000D          0x000004a4   Section        8  __rtentry2.o(.ARM.Collect$$rtentry$$0000000D)
    .ARM.Collect$$rtentry$$00002718          0x000004ac   Section        4  __rtentry7.o(.ARM.Collect$$rtentry$$00002718)
    __lit__00000000                          0x000004ac   Data           4  __rtentry7.o(.ARM.Collect$$rtentry$$00002718)
    .ARM.Collect$$rtexit$$00000000           0x000004b0   Section        2  rtexit.o(.ARM.Collect$$rtexit$$00000000)
    .ARM.Collect$$rtexit$$00000002           0x000004b2   Section        0  rtexit2.o(.ARM.Collect$$rtexit$$00000002)
    .ARM.Collect$$rtexit$$00000003           0x000004b2   Section        4  rtexit2.o(.ARM.Collect$$rtexit$$00000003)
    .ARM.Collect$$rtexit$$00000004           0x000004b6   Section        6  rtexit2.o(.ARM.Collect$$rtexit$$00000004)
    .text                                    0x000004bc   Section       56  startup_mk60d10.o(.text)
    .text                                    0x000004f4   Section        0  noretval__2printf.o(.text)
    .text                                    0x0000050c   Section        0  __printf.o(.text)
    .text                                    0x00000574   Section        0  _printf_str.o(.text)
    .text                                    0x000005c8   Section        0  _printf_dec.o(.text)
    .text                                    0x00000640   Section      100  rt_memcpy_w.o(.text)
    .text                                    0x000006a4   Section        0  _printf_intcommon.o(.text)
    .text                                    0x00000756   Section        0  _printf_char.o(.text)
    .text                                    0x00000784   Section        0  _printf_char_file.o(.text)
    .text                                    0x000007a8   Section        0  _printf_char_common.o(.text)
    _printf_input_char                       0x000007a9   Thumb Code    10  _printf_char_common.o(.text)
    .text                                    0x000007d8   Section        0  ferror.o(.text)
    .text                                    0x000007e0   Section        2  use_no_semi.o(.text)
    .text                                    0x000007e2   Section        0  exit.o(.text)
    .text                                    0x000007e2   Section        0  indicate_semi.o(.text)
    .text                                    0x000007f4   Section        0  sys_exit.o(.text)
    MyCode                                   0x00000800   Section      624  asmmain.o(MyCode)
    i.BOARD_ClockInit                        0x00000a70   Section        0  board.o(i.BOARD_ClockInit)
    i.BOARD_InitOsc0                         0x00000aac   Section        0  board.o(i.BOARD_InitOsc0)
    i.BOARD_InitRtcOsc                       0x00000ac4   Section        0  board.o(i.BOARD_InitRtcOsc)
    i.CLOCK_HAL_EnablePll0InFllMode          0x00000adc   Section        0  fsl_mcg_hal.o(i.CLOCK_HAL_EnablePll0InFllMode)
    i.CLOCK_HAL_GetClkOutStat                0x00000b1c   Section        0  fsl_clock_manager.o(i.CLOCK_HAL_GetClkOutStat)
    CLOCK_HAL_GetClkOutStat                  0x00000b1d   Thumb Code    10  fsl_clock_manager.o(i.CLOCK_HAL_GetClkOutStat)
    i.CLOCK_HAL_GetClkOutStat                0x00000b26   Section        0  fsl_mcg_hal_modes.o(i.CLOCK_HAL_GetClkOutStat)
    CLOCK_HAL_GetClkOutStat                  0x00000b27   Thumb Code    10  fsl_mcg_hal_modes.o(i.CLOCK_HAL_GetClkOutStat)
    i.CLOCK_HAL_GetFllClk                    0x00000b30   Section        0  fsl_mcg_hal.o(i.CLOCK_HAL_GetFllClk)
    i.CLOCK_HAL_GetFllRefClk                 0x00000b84   Section        0  fsl_mcg_hal.o(i.CLOCK_HAL_GetFllRefClk)
    i.CLOCK_HAL_GetFllSrc                    0x00000bd8   Section        0  fsl_mcg_hal_modes.o(i.CLOCK_HAL_GetFllSrc)
    CLOCK_HAL_GetFllSrc                      0x00000bd9   Thumb Code    14  fsl_mcg_hal_modes.o(i.CLOCK_HAL_GetFllSrc)
    i.CLOCK_HAL_GetInternalRefClk            0x00000be8   Section        0  fsl_mcg_hal.o(i.CLOCK_HAL_GetInternalRefClk)
    i.CLOCK_HAL_GetInternalRefClkMode        0x00000c24   Section        0  fsl_mcg_hal.o(i.CLOCK_HAL_GetInternalRefClkMode)
    CLOCK_HAL_GetInternalRefClkMode          0x00000c25   Thumb Code    14  fsl_mcg_hal.o(i.CLOCK_HAL_GetInternalRefClkMode)
    i.CLOCK_HAL_GetInternalRefClkMode        0x00000c32   Section        0  fsl_mcg_hal_modes.o(i.CLOCK_HAL_GetInternalRefClkMode)
    CLOCK_HAL_GetInternalRefClkMode          0x00000c33   Thumb Code    14  fsl_mcg_hal_modes.o(i.CLOCK_HAL_GetInternalRefClkMode)
    i.CLOCK_HAL_GetMcgExternalClkFreq        0x00000c40   Section        0  fsl_mcg_hal.o(i.CLOCK_HAL_GetMcgExternalClkFreq)
    CLOCK_HAL_GetMcgExternalClkFreq          0x00000c41   Thumb Code    24  fsl_mcg_hal.o(i.CLOCK_HAL_GetMcgExternalClkFreq)
    i.CLOCK_HAL_GetMcgMode                   0x00000c58   Section        0  fsl_mcg_hal_modes.o(i.CLOCK_HAL_GetMcgMode)
    i.CLOCK_HAL_GetOutClk                    0x00000cee   Section        0  fsl_mcg_hal.o(i.CLOCK_HAL_GetOutClk)
    i.CLOCK_HAL_GetPll0Clk                   0x00000d3c   Section        0  fsl_mcg_hal.o(i.CLOCK_HAL_GetPll0Clk)
    i.CLOCK_HAL_GetPll0RefFreq               0x00000d80   Section        0  fsl_mcg_hal.o(i.CLOCK_HAL_GetPll0RefFreq)
    i.CLOCK_HAL_IsOsc0Stable                 0x00000d8c   Section        0  fsl_mcg_hal_modes.o(i.CLOCK_HAL_IsOsc0Stable)
    CLOCK_HAL_IsOsc0Stable                   0x00000d8d   Thumb Code    22  fsl_mcg_hal_modes.o(i.CLOCK_HAL_IsOsc0Stable)
    i.CLOCK_HAL_IsPllSelected                0x00000da2   Section        0  fsl_mcg_hal_modes.o(i.CLOCK_HAL_IsPllSelected)
    CLOCK_HAL_IsPllSelected                  0x00000da3   Thumb Code    22  fsl_mcg_hal_modes.o(i.CLOCK_HAL_IsPllSelected)
    i.CLOCK_HAL_PrepareOsc                   0x00000db8   Section        0  fsl_mcg_hal_modes.o(i.CLOCK_HAL_PrepareOsc)
    CLOCK_HAL_PrepareOsc                     0x00000db9   Thumb Code    46  fsl_mcg_hal_modes.o(i.CLOCK_HAL_PrepareOsc)
    i.CLOCK_HAL_SetClkOutSrc                 0x00000de6   Section        0  fsl_clock_manager.o(i.CLOCK_HAL_SetClkOutSrc)
    CLOCK_HAL_SetClkOutSrc                   0x00000de7   Thumb Code    10  fsl_clock_manager.o(i.CLOCK_HAL_SetClkOutSrc)
    i.CLOCK_HAL_SetFbeMode                   0x00000df0   Section        0  fsl_mcg_hal_modes.o(i.CLOCK_HAL_SetFbeMode)
    i.CLOCK_HAL_SetFbiMode                   0x00000edc   Section        0  fsl_mcg_hal_modes.o(i.CLOCK_HAL_SetFbiMode)
    i.CLOCK_HAL_SetInternalRefClkMode        0x00000f90   Section        0  fsl_mcg_hal.o(i.CLOCK_HAL_SetInternalRefClkMode)
    CLOCK_HAL_SetInternalRefClkMode          0x00000f91   Thumb Code    12  fsl_mcg_hal.o(i.CLOCK_HAL_SetInternalRefClkMode)
    i.CLOCK_HAL_SetLowPowerModeCmd           0x00000f9c   Section        0  fsl_clock_manager.o(i.CLOCK_HAL_SetLowPowerModeCmd)
    CLOCK_HAL_SetLowPowerModeCmd             0x00000f9d   Thumb Code    12  fsl_clock_manager.o(i.CLOCK_HAL_SetLowPowerModeCmd)
    i.CLOCK_HAL_SetOsc0Mode                  0x00000fa8   Section        0  fsl_mcg_hal.o(i.CLOCK_HAL_SetOsc0Mode)
    i.CLOCK_HAL_SetOutDiv                    0x00000fcc   Section        0  fsl_sim_hal_mk60d10.o(i.CLOCK_HAL_SetOutDiv)
    i.CLOCK_HAL_SetPbeMode                   0x00001004   Section        0  fsl_mcg_hal_modes.o(i.CLOCK_HAL_SetPbeMode)
    i.CLOCK_HAL_TestFllExternalRefFreq       0x000010ec   Section        0  fsl_mcg_hal.o(i.CLOCK_HAL_TestFllExternalRefFreq)
    i.CLOCK_HAL_TestFllFreq                  0x00001134   Section        0  fsl_mcg_hal.o(i.CLOCK_HAL_TestFllFreq)
    i.CLOCK_HAL_TestOscFreq                  0x0000116c   Section        0  fsl_mcg_hal.o(i.CLOCK_HAL_TestOscFreq)
    i.CLOCK_HAL_UpdateFastClkInternalRefDiv  0x00001194   Section        0  fsl_mcg_hal.o(i.CLOCK_HAL_UpdateFastClkInternalRefDiv)
    i.CLOCK_SYS_EnablePortClock              0x000011fc   Section        0  fsl_clock_mk60d10.o(i.CLOCK_SYS_EnablePortClock)
    i.CLOCK_SYS_EnableUartClock              0x00001268   Section        0  fsl_clock_mk60d10.o(i.CLOCK_SYS_EnableUartClock)
    i.CLOCK_SYS_FllStableDelay               0x000012d4   Section        0  fsl_clock_mk60d10.o(i.CLOCK_SYS_FllStableDelay)
    CLOCK_SYS_FllStableDelay                 0x000012d5   Thumb Code    30  fsl_clock_mk60d10.o(i.CLOCK_SYS_FllStableDelay)
    i.CLOCK_SYS_GetBusClockFreq              0x000012f4   Section        0  fsl_clock_mk60d10.o(i.CLOCK_SYS_GetBusClockFreq)
    i.CLOCK_SYS_GetCoreClockFreq             0x00001318   Section        0  fsl_clock_mk60d10.o(i.CLOCK_SYS_GetCoreClockFreq)
    i.CLOCK_SYS_GetSystemClockFreq           0x00001338   Section        0  fsl_clock_mk60d10.o(i.CLOCK_SYS_GetSystemClockFreq)
    i.CLOCK_SYS_GetUartFreq                  0x00001358   Section        0  fsl_clock_mk60d10.o(i.CLOCK_SYS_GetUartFreq)
    i.CLOCK_SYS_OscInit                      0x00001388   Section        0  fsl_clock_manager.o(i.CLOCK_SYS_OscInit)
    i.CLOCK_SYS_RtcOscInit                   0x00001490   Section        0  fsl_clock_manager.o(i.CLOCK_SYS_RtcOscInit)
    i.CLOCK_SYS_SetConfiguration             0x000015c4   Section        0  fsl_clock_mk60d10.o(i.CLOCK_SYS_SetConfiguration)
    i.CLOCK_SYS_SetMcgMode                   0x0000162c   Section        0  fsl_clock_manager.o(i.CLOCK_SYS_SetMcgMode)
    i.CLOCK_SYS_SetMcgPeeToFbe               0x00001784   Section        0  fsl_clock_manager.o(i.CLOCK_SYS_SetMcgPeeToFbe)
    CLOCK_SYS_SetMcgPeeToFbe                 0x00001785   Thumb Code    66  fsl_clock_manager.o(i.CLOCK_SYS_SetMcgPeeToFbe)
    i.CLOCK_SYS_SetOscerConfigration         0x000017cc   Section        0  fsl_clock_manager.o(i.CLOCK_SYS_SetOscerConfigration)
    i.CLOCK_SYS_SetSimConfigration           0x000017f0   Section        0  fsl_clock_mk60d10.o(i.CLOCK_SYS_SetSimConfigration)
    CLOCK_SYS_SetSimConfigration             0x000017f1   Thumb Code    58  fsl_clock_mk60d10.o(i.CLOCK_SYS_SetSimConfigration)
    i.DbgConsole_Init                        0x00001830   Section        0  fsl_debug_console.o(i.DbgConsole_Init)
    i.LED_Config                             0x000018e0   Section        0  main.o(i.LED_Config)
    LED_Config                               0x000018e1   Thumb Code   108  main.o(i.LED_Config)
    i.LED_On                                 0x0000195c   Section        0  main.o(i.LED_On)
    LED_On                                   0x0000195d   Thumb Code   462  main.o(i.LED_On)
    i.OSC_HAL_SetCapacitor                   0x00001b34   Section        0  fsl_osc_hal.o(i.OSC_HAL_SetCapacitor)
    i.OSC_HAL_SetExternalRefClkCmd           0x00001b40   Section        0  fsl_clock_manager.o(i.OSC_HAL_SetExternalRefClkCmd)
    OSC_HAL_SetExternalRefClkCmd             0x00001b41   Thumb Code    10  fsl_clock_manager.o(i.OSC_HAL_SetExternalRefClkCmd)
    i.OSC_HAL_SetExternalRefClkInStopModeCmd 0x00001b4a   Section        0  fsl_clock_manager.o(i.OSC_HAL_SetExternalRefClkInStopModeCmd)
    OSC_HAL_SetExternalRefClkInStopModeCmd   0x00001b4b   Thumb Code    10  fsl_clock_manager.o(i.OSC_HAL_SetExternalRefClkInStopModeCmd)
    i.PORT_HAL_SetMuxMode                    0x00001b54   Section        0  pin_mux.o(i.PORT_HAL_SetMuxMode)
    PORT_HAL_SetMuxMode                      0x00001b55   Thumb Code    48  pin_mux.o(i.PORT_HAL_SetMuxMode)
    i.PORT_HAL_SetMuxMode                    0x00001bcc   Section        0  board.o(i.PORT_HAL_SetMuxMode)
    PORT_HAL_SetMuxMode                      0x00001bcd   Thumb Code    48  board.o(i.PORT_HAL_SetMuxMode)
    i.RTC_HAL_SetOscillatorCmd               0x00001c44   Section        0  fsl_clock_manager.o(i.RTC_HAL_SetOscillatorCmd)
    RTC_HAL_SetOscillatorCmd                 0x00001c45   Thumb Code    14  fsl_clock_manager.o(i.RTC_HAL_SetOscillatorCmd)
    i.SIM_HAL_EnableClock                    0x00001c52   Section        0  fsl_clock_mk60d10.o(i.SIM_HAL_EnableClock)
    SIM_HAL_EnableClock                      0x00001c53   Thumb Code    34  fsl_clock_mk60d10.o(i.SIM_HAL_EnableClock)
    i.SystemInit                             0x00001c74   Section        0  system_mk60d10.o(i.SystemInit)
    i.UART_HAL_Getchar                       0x00001c90   Section        0  fsl_uart_hal.o(i.UART_HAL_Getchar)
    i.UART_HAL_Putchar                       0x00001c9c   Section        0  fsl_uart_hal.o(i.UART_HAL_Putchar)
    i.UART_HAL_ReceiveDataPolling            0x00001ca6   Section        0  fsl_uart_hal.o(i.UART_HAL_ReceiveDataPolling)
    i.UART_HAL_SendDataPolling               0x00001cfc   Section        0  fsl_uart_hal.o(i.UART_HAL_SendDataPolling)
    i.UART_HAL_SetBaudRate                   0x00001d2a   Section        0  fsl_uart_hal.o(i.UART_HAL_SetBaudRate)
    i.UART_HAL_SetParityMode                 0x00001d6e   Section        0  fsl_uart_hal.o(i.UART_HAL_SetParityMode)
    i.__aeabi_assert                         0x00001d8c   Section        0  fsl_misc_utilities.o(i.__aeabi_assert)
    i.configure_uart_pins                    0x00001dc4   Section        0  pin_mux.o(i.configure_uart_pins)
    i.dbg_uart_init                          0x00001e0c   Section        0  board.o(i.dbg_uart_init)
    i.floatToBCD                             0x00001e24   Section        0  main.o(i.floatToBCD)
    i.fputc                                  0x00001eb8   Section        0  fsl_debug_console.o(i.fputc)
    i.hardware_init                          0x00001edc   Section        0  hardware_init.o(i.hardware_init)
    i.init_data_bss                          0x00001efc   Section        0  startup.o(i.init_data_bss)
    i.ledToggle                              0x00001f44   Section        0  main.o(i.ledToggle)
    i.main                                   0x00001f58   Section        0  main.o(i.main)
    x$fpl$d2f                                0x00001f6c   Section       98  d2f.o(x$fpl$d2f)
    x$fpl$ddiv                               0x00001fd0   Section      688  ddiv.o(x$fpl$ddiv)
    ddiv_entry                               0x00001fd7   Thumb Code     0  ddiv.o(x$fpl$ddiv)
    x$fpl$dflt                               0x00002280   Section       46  dflt_clz.o(x$fpl$dflt)
    x$fpl$dmul                               0x000022b0   Section      340  dmul.o(x$fpl$dmul)
    x$fpl$dnaninf                            0x00002404   Section      156  dnaninf.o(x$fpl$dnaninf)
    x$fpl$dretinf                            0x000024a0   Section       12  dretinf.o(x$fpl$dretinf)
    x$fpl$fadd                               0x000024ac   Section      196  faddsub_clz.o(x$fpl$fadd)
    _fadd1                                   0x000024bb   Thumb Code     0  faddsub_clz.o(x$fpl$fadd)
    x$fpl$ffix                               0x00002570   Section       54  ffix.o(x$fpl$ffix)
    x$fpl$fflt                               0x000025a8   Section       48  fflt_clz.o(x$fpl$fflt)
    x$fpl$fmul                               0x000025d8   Section      258  fmul.o(x$fpl$fmul)
    x$fpl$fnaninf                            0x000026da   Section      140  fnaninf.o(x$fpl$fnaninf)
    x$fpl$fretinf                            0x00002766   Section       10  fretinf.o(x$fpl$fretinf)
    x$fpl$frsb                               0x00002770   Section       20  faddsub_clz.o(x$fpl$frsb)
    x$fpl$fsub                               0x00002784   Section      234  faddsub_clz.o(x$fpl$fsub)
    _fsub1                                   0x00002793   Thumb Code     0  faddsub_clz.o(x$fpl$fsub)
    x$fpl$usenofp                            0x0000286e   Section        0  usenofp.o(x$fpl$usenofp)
    .constdata                               0x00002870   Section       24  fsl_debug_console.o(.constdata)
    .constdata                               0x00002888   Section       72  board.o(.constdata)
    .constdata                               0x000028d0   Section       44  main.o(.constdata)
    .constdata                               0x000028fc   Section       25  fsl_clock_mk60d10.o(.constdata)
    portGateTable                            0x000028fc   Data           5  fsl_clock_mk60d10.o(.constdata)
    adcGateTable                             0x00002901   Data           2  fsl_clock_mk60d10.o(.constdata)
    dacGateTable                             0x00002903   Data           2  fsl_clock_mk60d10.o(.constdata)
    flexcanGateTable                         0x00002905   Data           2  fsl_clock_mk60d10.o(.constdata)
    ftmGateTable                             0x00002907   Data           3  fsl_clock_mk60d10.o(.constdata)
    spiGateTable                             0x0000290a   Data           3  fsl_clock_mk60d10.o(.constdata)
    i2cGateTable                             0x0000290d   Data           2  fsl_clock_mk60d10.o(.constdata)
    uartGateTable                            0x0000290f   Data           6  fsl_clock_mk60d10.o(.constdata)
    .constdata                               0x00002918   Section       12  fsl_clock_manager_common.o(.constdata)
    .constdata                               0x00002924   Section       48  fsl_mcg_hal.o(.constdata)
    fllFactorTable                           0x00002924   Data          16  fsl_mcg_hal.o(.constdata)
    freq_kHz                                 0x00002934   Data          16  fsl_mcg_hal.o(.constdata)
    freqLow_kHz                              0x00002944   Data          16  fsl_mcg_hal.o(.constdata)
    .constdata                               0x00002954   Section        6  fsl_rtc_common.o(.constdata)
    .conststring                             0x0000295c   Section       66  fsl_clock_mk60d10.o(.conststring)
    .data                                    0x1fff0000   Section        8  fsl_debug_console.o(.data)
    .data                                    0x1fff0008   Section        4  system_mk60d10.o(.data)
    .data                                    0x1fff000c   Section       16  fsl_mcg_hal.o(.data)
    stack1                                   0x1fff001c   Section       32  asmmain.o(stack1)
    irqcounter                               0x1fff001c   Data           4  asmmain.o(stack1)
    currentCounter                           0x1fff0020   Data           4  asmmain.o(stack1)
    num1                                     0x1fff0024   Data           4  asmmain.o(stack1)
    num2                                     0x1fff0028   Data           4  asmmain.o(stack1)
    num3                                     0x1fff002c   Data           4  asmmain.o(stack1)
    adc0counter                              0x1fff0030   Data           4  asmmain.o(stack1)
    .bss                                     0x1fff003c   Section       16  fsl_debug_console.o(.bss)
    s_debugConsole                           0x1fff003c   Data          16  fsl_debug_console.o(.bss)

    Global Symbols

    Symbol Name                              Value     Ov Type        Size  Object(Section)

    BuildAttributes$$THM_ISAv4$E$P$D$K$B$S$7EM$PE$A:L22UL41UL21$X:L11$S22US41US21$IEEE1$IW$USESV6$~STKCKD$USESV7$~SHL$OTIME$ROPI$EBA8$UX$STANDARDLIB$REQ8$PRES8$EABIv2 0x00000000   Number         0  anon$$obj.o ABSOLUTE
    Image$$VECTOR_RAM$$Base                  0x00000000   Number         0  anon$$obj.o ABSOLUTE
    Image$$VECTOR_ROM$$Base                  0x00000000   Number         0  anon$$obj.o ABSOLUTE
    __ARM_use_no_argv                        0x00000000   Number         0  main.o ABSOLUTE
    __Vectors                                0x00000000   Data           4  startup_mk60d10.o(RESET)
    Image$$ZI$$Limit                          - Undefined Weak Reference
    __ARM_exceptions_init                     - Undefined Weak Reference
    __alloca_initialize                       - Undefined Weak Reference
    __arm_preinit_                            - Undefined Weak Reference
    __cpp_initialize__aeabi_                  - Undefined Weak Reference
    __cxa_finalize                            - Undefined Weak Reference
    __rt_locale                               - Undefined Weak Reference
    __sigvec_lookup                           - Undefined Weak Reference
    __user_heap_extent                        - Undefined Weak Reference
    _atexit_init                              - Undefined Weak Reference
    _call_atexit_fns                          - Undefined Weak Reference
    _clock_init                               - Undefined Weak Reference
    _fp_trap_init                             - Undefined Weak Reference
    _fp_trap_shutdown                         - Undefined Weak Reference
    _get_lc_collate                           - Undefined Weak Reference
    _get_lc_ctype                             - Undefined Weak Reference
    _get_lc_monetary                          - Undefined Weak Reference
    _get_lc_numeric                           - Undefined Weak Reference
    _get_lc_time                              - Undefined Weak Reference
    _getenv_init                              - Undefined Weak Reference
    _handle_redirection                       - Undefined Weak Reference
    _initio                                   - Undefined Weak Reference
    _mutex_acquire                            - Undefined Weak Reference
    _mutex_free                               - Undefined Weak Reference
    _mutex_release                            - Undefined Weak Reference
    _printf_mbtowc                            - Undefined Weak Reference
    _printf_post_padding                      - Undefined Weak Reference
    _printf_pre_padding                       - Undefined Weak Reference
    _printf_truncate_signed                   - Undefined Weak Reference
    _printf_truncate_unsigned                 - Undefined Weak Reference
    _rand_init                                - Undefined Weak Reference
    _signal_finish                            - Undefined Weak Reference
    _signal_init                              - Undefined Weak Reference
    _terminateio                              - Undefined Weak Reference
    __Vectors_End                            0x00000400   Data           0  startup_mk60d10.o(RESET)
    __Vectors_Size                           0x00000400   Number         0  startup_mk60d10.o ABSOLUTE
    __main                                   0x00000411   Thumb Code     8  __main.o(!!!main)
    __scatterload                            0x00000419   Thumb Code     0  __scatter.o(!!!scatter)
    __scatterload_rt2                        0x00000419   Thumb Code    44  __scatter.o(!!!scatter)
    __scatterload_rt2_thumb_only             0x00000419   Thumb Code     0  __scatter.o(!!!scatter)
    __scatterload_null                       0x00000427   Thumb Code     0  __scatter.o(!!!scatter)
    __scatterload_copy                       0x0000044d   Thumb Code    26  __scatter_copy.o(!!handler_copy)
    __scatterload_zeroinit                   0x00000469   Thumb Code    28  __scatter_zi.o(!!handler_zi)
    _printf_d                                0x00000485   Thumb Code     0  _printf_d.o(.ARM.Collect$$_printf_percent$$00000009)
    _printf_percent                          0x00000485   Thumb Code     0  _printf_percent.o(.ARM.Collect$$_printf_percent$$00000000)
    _printf_s                                0x0000048b   Thumb Code     0  _printf_s.o(.ARM.Collect$$_printf_percent$$00000014)
    _printf_percent_end                      0x00000491   Thumb Code     0  _printf_percent_end.o(.ARM.Collect$$_printf_percent$$00000017)
    __rt_lib_init                            0x00000495   Thumb Code     0  libinit.o(.ARM.Collect$$libinit$$00000000)
    __rt_lib_init_alloca_1                   0x00000497   Thumb Code     0  libinit2.o(.ARM.Collect$$libinit$$0000002E)
    __rt_lib_init_argv_1                     0x00000497   Thumb Code     0  libinit2.o(.ARM.Collect$$libinit$$0000002C)
    __rt_lib_init_atexit_1                   0x00000497   Thumb Code     0  libinit2.o(.ARM.Collect$$libinit$$0000001B)
    __rt_lib_init_clock_1                    0x00000497   Thumb Code     0  libinit2.o(.ARM.Collect$$libinit$$00000021)
    __rt_lib_init_cpp_1                      0x00000497   Thumb Code     0  libinit2.o(.ARM.Collect$$libinit$$00000032)
    __rt_lib_init_exceptions_1               0x00000497   Thumb Code     0  libinit2.o(.ARM.Collect$$libinit$$00000030)
    __rt_lib_init_fp_1                       0x00000497   Thumb Code     0  libinit2.o(.ARM.Collect$$libinit$$00000002)
    __rt_lib_init_fp_trap_1                  0x00000497   Thumb Code     0  libinit2.o(.ARM.Collect$$libinit$$0000001F)
    __rt_lib_init_getenv_1                   0x00000497   Thumb Code     0  libinit2.o(.ARM.Collect$$libinit$$00000023)
    __rt_lib_init_heap_1                     0x00000497   Thumb Code     0  libinit2.o(.ARM.Collect$$libinit$$0000000A)
    __rt_lib_init_lc_collate_1               0x00000497   Thumb Code     0  libinit2.o(.ARM.Collect$$libinit$$00000011)
    __rt_lib_init_lc_ctype_1                 0x00000497   Thumb Code     0  libinit2.o(.ARM.Collect$$libinit$$00000013)
    __rt_lib_init_lc_monetary_1              0x00000497   Thumb Code     0  libinit2.o(.ARM.Collect$$libinit$$00000015)
    __rt_lib_init_lc_numeric_1               0x00000497   Thumb Code     0  libinit2.o(.ARM.Collect$$libinit$$00000017)
    __rt_lib_init_lc_time_1                  0x00000497   Thumb Code     0  libinit2.o(.ARM.Collect$$libinit$$00000019)
    __rt_lib_init_preinit_1                  0x00000497   Thumb Code     0  libinit2.o(.ARM.Collect$$libinit$$00000004)
    __rt_lib_init_rand_1                     0x00000497   Thumb Code     0  libinit2.o(.ARM.Collect$$libinit$$0000000E)
    __rt_lib_init_return                     0x00000497   Thumb Code     0  libinit2.o(.ARM.Collect$$libinit$$00000033)
    __rt_lib_init_signal_1                   0x00000497   Thumb Code     0  libinit2.o(.ARM.Collect$$libinit$$0000001D)
    __rt_lib_init_stdio_1                    0x00000497   Thumb Code     0  libinit2.o(.ARM.Collect$$libinit$$00000025)
    __rt_lib_init_user_alloc_1               0x00000497   Thumb Code     0  libinit2.o(.ARM.Collect$$libinit$$0000000C)
    __rt_lib_shutdown                        0x00000499   Thumb Code     0  libshutdown.o(.ARM.Collect$$libshutdown$$00000000)
    __rt_lib_shutdown_cpp_1                  0x0000049b   Thumb Code     0  libshutdown2.o(.ARM.Collect$$libshutdown$$00000002)
    __rt_lib_shutdown_fp_trap_1              0x0000049b   Thumb Code     0  libshutdown2.o(.ARM.Collect$$libshutdown$$00000007)
    __rt_lib_shutdown_heap_1                 0x0000049b   Thumb Code     0  libshutdown2.o(.ARM.Collect$$libshutdown$$0000000F)
    __rt_lib_shutdown_return                 0x0000049b   Thumb Code     0  libshutdown2.o(.ARM.Collect$$libshutdown$$00000010)
    __rt_lib_shutdown_signal_1               0x0000049b   Thumb Code     0  libshutdown2.o(.ARM.Collect$$libshutdown$$0000000A)
    __rt_lib_shutdown_stdio_1                0x0000049b   Thumb Code     0  libshutdown2.o(.ARM.Collect$$libshutdown$$00000004)
    __rt_lib_shutdown_user_alloc_1           0x0000049b   Thumb Code     0  libshutdown2.o(.ARM.Collect$$libshutdown$$0000000C)
    __rt_entry                               0x0000049d   Thumb Code     0  __rtentry.o(.ARM.Collect$$rtentry$$00000000)
    __rt_entry_presh_1                       0x0000049d   Thumb Code     0  __rtentry2.o(.ARM.Collect$$rtentry$$00000002)
    __rt_entry_sh                            0x0000049d   Thumb Code     0  __rtentry7.o(.ARM.Collect$$rtentry$$00000007)
    __rt_entry_li                            0x000004a1   Thumb Code     0  __rtentry2.o(.ARM.Collect$$rtentry$$0000000A)
    __rt_entry_postsh_1                      0x000004a1   Thumb Code     0  __rtentry2.o(.ARM.Collect$$rtentry$$00000009)
    __rt_entry_main                          0x000004a5   Thumb Code     0  __rtentry2.o(.ARM.Collect$$rtentry$$0000000D)
    __rt_entry_postli_1                      0x000004a5   Thumb Code     0  __rtentry2.o(.ARM.Collect$$rtentry$$0000000C)
    __rt_exit                                0x000004b1   Thumb Code     0  rtexit.o(.ARM.Collect$$rtexit$$00000000)
    __rt_exit_ls                             0x000004b3   Thumb Code     0  rtexit2.o(.ARM.Collect$$rtexit$$00000003)
    __rt_exit_prels_1                        0x000004b3   Thumb Code     0  rtexit2.o(.ARM.Collect$$rtexit$$00000002)
    __rt_exit_exit                           0x000004b7   Thumb Code     0  rtexit2.o(.ARM.Collect$$rtexit$$00000004)
    Reset_Handler                            0x000004bd   Thumb Code    18  startup_mk60d10.o(.text)
    NMI_Handler                              0x000004cf   Thumb Code     2  startup_mk60d10.o(.text)
    HardFault_Handler                        0x000004d1   Thumb Code     2  startup_mk60d10.o(.text)
    MemManage_Handler                        0x000004d3   Thumb Code     2  startup_mk60d10.o(.text)
    BusFault_Handler                         0x000004d5   Thumb Code     2  startup_mk60d10.o(.text)
    UsageFault_Handler                       0x000004d7   Thumb Code     2  startup_mk60d10.o(.text)
    SVC_Handler                              0x000004d9   Thumb Code     2  startup_mk60d10.o(.text)
    DebugMon_Handler                         0x000004db   Thumb Code     2  startup_mk60d10.o(.text)
    PendSV_Handler                           0x000004dd   Thumb Code     2  startup_mk60d10.o(.text)
    SysTick_Handler                          0x000004df   Thumb Code     2  startup_mk60d10.o(.text)
    ADC1_IRQHandler                          0x000004e1   Thumb Code     0  startup_mk60d10.o(.text)
    CAN0_Bus_Off_IRQHandler                  0x000004e1   Thumb Code     0  startup_mk60d10.o(.text)
    CAN0_Error_IRQHandler                    0x000004e1   Thumb Code     0  startup_mk60d10.o(.text)
    CAN0_ORed_Message_buffer_IRQHandler      0x000004e1   Thumb Code     0  startup_mk60d10.o(.text)
    CAN0_Rx_Warning_IRQHandler               0x000004e1   Thumb Code     0  startup_mk60d10.o(.text)
    CAN0_Tx_Warning_IRQHandler               0x000004e1   Thumb Code     0  startup_mk60d10.o(.text)
    CAN0_Wake_Up_IRQHandler                  0x000004e1   Thumb Code     0  startup_mk60d10.o(.text)
    CAN1_Bus_Off_IRQHandler                  0x000004e1   Thumb Code     0  startup_mk60d10.o(.text)
    CAN1_Error_IRQHandler                    0x000004e1   Thumb Code     0  startup_mk60d10.o(.text)
    CAN1_ORed_Message_buffer_IRQHandler      0x000004e1   Thumb Code     0  startup_mk60d10.o(.text)
    CAN1_Rx_Warning_IRQHandler               0x000004e1   Thumb Code     0  startup_mk60d10.o(.text)
    CAN1_Tx_Warning_IRQHandler               0x000004e1   Thumb Code     0  startup_mk60d10.o(.text)
    CAN1_Wake_Up_IRQHandler                  0x000004e1   Thumb Code     0  startup_mk60d10.o(.text)
    CMP0_IRQHandler                          0x000004e1   Thumb Code     0  startup_mk60d10.o(.text)
    CMP1_IRQHandler                          0x000004e1   Thumb Code     0  startup_mk60d10.o(.text)
    CMP2_IRQHandler                          0x000004e1   Thumb Code     0  startup_mk60d10.o(.text)
    CMT_IRQHandler                           0x000004e1   Thumb Code     0  startup_mk60d10.o(.text)
    DAC0_IRQHandler                          0x000004e1   Thumb Code     0  startup_mk60d10.o(.text)
    DAC1_IRQHandler                          0x000004e1   Thumb Code     0  startup_mk60d10.o(.text)
    DMA0_IRQHandler                          0x000004e1   Thumb Code     0  startup_mk60d10.o(.text)
    DMA10_IRQHandler                         0x000004e1   Thumb Code     0  startup_mk60d10.o(.text)
    DMA11_IRQHandler                         0x000004e1   Thumb Code     0  startup_mk60d10.o(.text)
    DMA12_IRQHandler                         0x000004e1   Thumb Code     0  startup_mk60d10.o(.text)
    DMA13_IRQHandler                         0x000004e1   Thumb Code     0  startup_mk60d10.o(.text)
    DMA14_IRQHandler                         0x000004e1   Thumb Code     0  startup_mk60d10.o(.text)
    DMA15_IRQHandler                         0x000004e1   Thumb Code     0  startup_mk60d10.o(.text)
    DMA1_IRQHandler                          0x000004e1   Thumb Code     0  startup_mk60d10.o(.text)
    DMA2_IRQHandler                          0x000004e1   Thumb Code     0  startup_mk60d10.o(.text)
    DMA3_IRQHandler                          0x000004e1   Thumb Code     0  startup_mk60d10.o(.text)
    DMA4_IRQHandler                          0x000004e1   Thumb Code     0  startup_mk60d10.o(.text)
    DMA5_IRQHandler                          0x000004e1   Thumb Code     0  startup_mk60d10.o(.text)
    DMA6_IRQHandler                          0x000004e1   Thumb Code     0  startup_mk60d10.o(.text)
    DMA7_IRQHandler                          0x000004e1   Thumb Code     0  startup_mk60d10.o(.text)
    DMA8_IRQHandler                          0x000004e1   Thumb Code     0  startup_mk60d10.o(.text)
    DMA9_IRQHandler                          0x000004e1   Thumb Code     0  startup_mk60d10.o(.text)
    DMA_Error_IRQHandler                     0x000004e1   Thumb Code     0  startup_mk60d10.o(.text)
    DefaultISR                               0x000004e1   Thumb Code     0  startup_mk60d10.o(.text)
    ENET_1588_Timer_IRQHandler               0x000004e1   Thumb Code     0  startup_mk60d10.o(.text)
    ENET_Error_IRQHandler                    0x000004e1   Thumb Code     0  startup_mk60d10.o(.text)
    ENET_Receive_IRQHandler                  0x000004e1   Thumb Code     0  startup_mk60d10.o(.text)
    ENET_Transmit_IRQHandler                 0x000004e1   Thumb Code     0  startup_mk60d10.o(.text)
    FTFL_IRQHandler                          0x000004e1   Thumb Code     0  startup_mk60d10.o(.text)
    FTM0_IRQHandler                          0x000004e1   Thumb Code     0  startup_mk60d10.o(.text)
    FTM1_IRQHandler                          0x000004e1   Thumb Code     0  startup_mk60d10.o(.text)
    FTM2_IRQHandler                          0x000004e1   Thumb Code     0  startup_mk60d10.o(.text)
    I2C0_IRQHandler                          0x000004e1   Thumb Code     0  startup_mk60d10.o(.text)
    I2C1_IRQHandler                          0x000004e1   Thumb Code     0  startup_mk60d10.o(.text)
    I2S0_Rx_IRQHandler                       0x000004e1   Thumb Code     0  startup_mk60d10.o(.text)
    I2S0_Tx_IRQHandler                       0x000004e1   Thumb Code     0  startup_mk60d10.o(.text)
    LLWU_IRQHandler                          0x000004e1   Thumb Code     0  startup_mk60d10.o(.text)
    LPTMR0_IRQHandler                        0x000004e1   Thumb Code     0  startup_mk60d10.o(.text)
    LVD_LVW_IRQHandler                       0x000004e1   Thumb Code     0  startup_mk60d10.o(.text)
    MCG_IRQHandler                           0x000004e1   Thumb Code     0  startup_mk60d10.o(.text)
    MCM_IRQHandler                           0x000004e1   Thumb Code     0  startup_mk60d10.o(.text)
    PIT0_IRQHandler                          0x000004e1   Thumb Code     0  startup_mk60d10.o(.text)
    PIT2_IRQHandler                          0x000004e1   Thumb Code     0  startup_mk60d10.o(.text)
    PIT3_IRQHandler                          0x000004e1   Thumb Code     0  startup_mk60d10.o(.text)
    PORTA_IRQHandler                         0x000004e1   Thumb Code     0  startup_mk60d10.o(.text)
    PORTB_IRQHandler                         0x000004e1   Thumb Code     0  startup_mk60d10.o(.text)
    PORTC_IRQHandler                         0x000004e1   Thumb Code     0  startup_mk60d10.o(.text)
    PORTD_IRQHandler                         0x000004e1   Thumb Code     0  startup_mk60d10.o(.text)
    PORTE_IRQHandler                         0x000004e1   Thumb Code     0  startup_mk60d10.o(.text)
    RNG_IRQHandler                           0x000004e1   Thumb Code     0  startup_mk60d10.o(.text)
    RTC_IRQHandler                           0x000004e1   Thumb Code     0  startup_mk60d10.o(.text)
    RTC_Seconds_IRQHandler                   0x000004e1   Thumb Code     0  startup_mk60d10.o(.text)
    Read_Collision_IRQHandler                0x000004e1   Thumb Code     0  startup_mk60d10.o(.text)
    Reserved102_IRQHandler                   0x000004e1   Thumb Code     0  startup_mk60d10.o(.text)
    Reserved108_IRQHandler                   0x000004e1   Thumb Code     0  startup_mk60d10.o(.text)
    Reserved109_IRQHandler                   0x000004e1   Thumb Code     0  startup_mk60d10.o(.text)
    Reserved111_IRQHandler                   0x000004e1   Thumb Code     0  startup_mk60d10.o(.text)
    Reserved112_IRQHandler                   0x000004e1   Thumb Code     0  startup_mk60d10.o(.text)
    Reserved113_IRQHandler                   0x000004e1   Thumb Code     0  startup_mk60d10.o(.text)
    Reserved114_IRQHandler                   0x000004e1   Thumb Code     0  startup_mk60d10.o(.text)
    Reserved115_IRQHandler                   0x000004e1   Thumb Code     0  startup_mk60d10.o(.text)
    Reserved116_IRQHandler                   0x000004e1   Thumb Code     0  startup_mk60d10.o(.text)
    Reserved117_IRQHandler                   0x000004e1   Thumb Code     0  startup_mk60d10.o(.text)
    Reserved118_IRQHandler                   0x000004e1   Thumb Code     0  startup_mk60d10.o(.text)
    Reserved119_IRQHandler                   0x000004e1   Thumb Code     0  startup_mk60d10.o(.text)
    Reserved59_IRQHandler                    0x000004e1   Thumb Code     0  startup_mk60d10.o(.text)
    Reserved95_IRQHandler                    0x000004e1   Thumb Code     0  startup_mk60d10.o(.text)
    SDHC_IRQHandler                          0x000004e1   Thumb Code     0  startup_mk60d10.o(.text)
    SPI0_IRQHandler                          0x000004e1   Thumb Code     0  startup_mk60d10.o(.text)
    SPI1_IRQHandler                          0x000004e1   Thumb Code     0  startup_mk60d10.o(.text)
    SPI2_IRQHandler                          0x000004e1   Thumb Code     0  startup_mk60d10.o(.text)
    SWI_IRQHandler                           0x000004e1   Thumb Code     0  startup_mk60d10.o(.text)
    TSI0_IRQHandler                          0x000004e1   Thumb Code     0  startup_mk60d10.o(.text)
    UART0_ERR_IRQHandler                     0x000004e1   Thumb Code     0  startup_mk60d10.o(.text)
    UART0_LON_IRQHandler                     0x000004e1   Thumb Code     0  startup_mk60d10.o(.text)
    UART0_RX_TX_IRQHandler                   0x000004e1   Thumb Code     0  startup_mk60d10.o(.text)
    UART1_ERR_IRQHandler                     0x000004e1   Thumb Code     0  startup_mk60d10.o(.text)
    UART1_RX_TX_IRQHandler                   0x000004e1   Thumb Code     0  startup_mk60d10.o(.text)
    UART2_ERR_IRQHandler                     0x000004e1   Thumb Code     0  startup_mk60d10.o(.text)
    UART2_RX_TX_IRQHandler                   0x000004e1   Thumb Code     0  startup_mk60d10.o(.text)
    UART3_ERR_IRQHandler                     0x000004e1   Thumb Code     0  startup_mk60d10.o(.text)
    UART3_RX_TX_IRQHandler                   0x000004e1   Thumb Code     0  startup_mk60d10.o(.text)
    UART4_ERR_IRQHandler                     0x000004e1   Thumb Code     0  startup_mk60d10.o(.text)
    UART4_RX_TX_IRQHandler                   0x000004e1   Thumb Code     0  startup_mk60d10.o(.text)
    UART5_ERR_IRQHandler                     0x000004e1   Thumb Code     0  startup_mk60d10.o(.text)
    UART5_RX_TX_IRQHandler                   0x000004e1   Thumb Code     0  startup_mk60d10.o(.text)
    USB0_IRQHandler                          0x000004e1   Thumb Code     0  startup_mk60d10.o(.text)
    USBDCD_IRQHandler                        0x000004e1   Thumb Code     0  startup_mk60d10.o(.text)
    WDOG_EWM_IRQHandler                      0x000004e1   Thumb Code     0  startup_mk60d10.o(.text)
    __2printf                                0x000004f5   Thumb Code    20  noretval__2printf.o(.text)
    __printf                                 0x0000050d   Thumb Code   104  __printf.o(.text)
    _printf_str                              0x00000575   Thumb Code    82  _printf_str.o(.text)
    _printf_int_dec                          0x000005c9   Thumb Code   104  _printf_dec.o(.text)
    __aeabi_memcpy4                          0x00000641   Thumb Code     0  rt_memcpy_w.o(.text)
    __aeabi_memcpy8                          0x00000641   Thumb Code     0  rt_memcpy_w.o(.text)
    __rt_memcpy_w                            0x00000641   Thumb Code   100  rt_memcpy_w.o(.text)
    _memcpy_lastbytes_aligned                0x00000689   Thumb Code     0  rt_memcpy_w.o(.text)
    _printf_int_common                       0x000006a5   Thumb Code   178  _printf_intcommon.o(.text)
    _printf_cs_common                        0x00000757   Thumb Code    20  _printf_char.o(.text)
    _printf_char                             0x0000076b   Thumb Code    16  _printf_char.o(.text)
    _printf_string                           0x0000077b   Thumb Code     8  _printf_char.o(.text)
    _printf_char_file                        0x00000785   Thumb Code    32  _printf_char_file.o(.text)
    _printf_char_common                      0x000007b3   Thumb Code    32  _printf_char_common.o(.text)
    ferror                                   0x000007d9   Thumb Code     8  ferror.o(.text)
    __I$use$semihosting                      0x000007e1   Thumb Code     0  use_no_semi.o(.text)
    __use_no_semihosting_swi                 0x000007e1   Thumb Code     2  use_no_semi.o(.text)
    __semihosting_library_function           0x000007e3   Thumb Code     0  indicate_semi.o(.text)
    exit                                     0x000007e3   Thumb Code    18  exit.o(.text)
    _sys_exit                                0x000007f5   Thumb Code     8  sys_exit.o(.text)
    asmmain                                  0x00000801   Thumb Code     0  asmmain.o(MyCode)
    PDB0_IRQHandler                          0x0000093b   Thumb Code     0  asmmain.o(MyCode)
    ADC0_IRQHandler                          0x00000959   Thumb Code     0  asmmain.o(MyCode)
    PIT1_IRQHandler                          0x000009b7   Thumb Code     0  asmmain.o(MyCode)
    BOARD_ClockInit                          0x00000a71   Thumb Code    46  board.o(i.BOARD_ClockInit)
    BOARD_InitOsc0                           0x00000aad   Thumb Code    20  board.o(i.BOARD_InitOsc0)
    BOARD_InitRtcOsc                         0x00000ac5   Thumb Code    20  board.o(i.BOARD_InitRtcOsc)
    CLOCK_HAL_EnablePll0InFllMode            0x00000add   Thumb Code    64  fsl_mcg_hal.o(i.CLOCK_HAL_EnablePll0InFllMode)
    CLOCK_HAL_GetFllClk                      0x00000b31   Thumb Code    82  fsl_mcg_hal.o(i.CLOCK_HAL_GetFllClk)
    CLOCK_HAL_GetFllRefClk                   0x00000b85   Thumb Code    80  fsl_mcg_hal.o(i.CLOCK_HAL_GetFllRefClk)
    CLOCK_HAL_GetInternalRefClk              0x00000be9   Thumb Code    52  fsl_mcg_hal.o(i.CLOCK_HAL_GetInternalRefClk)
    CLOCK_HAL_GetMcgMode                     0x00000c59   Thumb Code   150  fsl_mcg_hal_modes.o(i.CLOCK_HAL_GetMcgMode)
    CLOCK_HAL_GetOutClk                      0x00000cef   Thumb Code    78  fsl_mcg_hal.o(i.CLOCK_HAL_GetOutClk)
    CLOCK_HAL_GetPll0Clk                     0x00000d3d   Thumb Code    68  fsl_mcg_hal.o(i.CLOCK_HAL_GetPll0Clk)
    CLOCK_HAL_GetPll0RefFreq                 0x00000d81   Thumb Code    12  fsl_mcg_hal.o(i.CLOCK_HAL_GetPll0RefFreq)
    CLOCK_HAL_SetFbeMode                     0x00000df1   Thumb Code   236  fsl_mcg_hal_modes.o(i.CLOCK_HAL_SetFbeMode)
    CLOCK_HAL_SetFbiMode                     0x00000edd   Thumb Code   170  fsl_mcg_hal_modes.o(i.CLOCK_HAL_SetFbiMode)
    CLOCK_HAL_SetOsc0Mode                    0x00000fa9   Thumb Code    36  fsl_mcg_hal.o(i.CLOCK_HAL_SetOsc0Mode)
    CLOCK_HAL_SetOutDiv                      0x00000fcd   Thumb Code    56  fsl_sim_hal_mk60d10.o(i.CLOCK_HAL_SetOutDiv)
    CLOCK_HAL_SetPbeMode                     0x00001005   Thumb Code   228  fsl_mcg_hal_modes.o(i.CLOCK_HAL_SetPbeMode)
    CLOCK_HAL_TestFllExternalRefFreq         0x000010ed   Thumb Code    70  fsl_mcg_hal.o(i.CLOCK_HAL_TestFllExternalRefFreq)
    CLOCK_HAL_TestFllFreq                    0x00001135   Thumb Code    50  fsl_mcg_hal.o(i.CLOCK_HAL_TestFllFreq)
    CLOCK_HAL_TestOscFreq                    0x0000116d   Thumb Code    30  fsl_mcg_hal.o(i.CLOCK_HAL_TestOscFreq)
    CLOCK_HAL_UpdateFastClkInternalRefDiv    0x00001195   Thumb Code   104  fsl_mcg_hal.o(i.CLOCK_HAL_UpdateFastClkInternalRefDiv)
    CLOCK_SYS_EnablePortClock                0x000011fd   Thumb Code    34  fsl_clock_mk60d10.o(i.CLOCK_SYS_EnablePortClock)
    CLOCK_SYS_EnableUartClock                0x00001269   Thumb Code    34  fsl_clock_mk60d10.o(i.CLOCK_SYS_EnableUartClock)
    CLOCK_SYS_GetBusClockFreq                0x000012f5   Thumb Code    26  fsl_clock_mk60d10.o(i.CLOCK_SYS_GetBusClockFreq)
    CLOCK_SYS_GetCoreClockFreq               0x00001319   Thumb Code    24  fsl_clock_mk60d10.o(i.CLOCK_SYS_GetCoreClockFreq)
    CLOCK_SYS_GetSystemClockFreq             0x00001339   Thumb Code    24  fsl_clock_mk60d10.o(i.CLOCK_SYS_GetSystemClockFreq)
    CLOCK_SYS_GetUartFreq                    0x00001359   Thumb Code    46  fsl_clock_mk60d10.o(i.CLOCK_SYS_GetUartFreq)
    CLOCK_SYS_OscInit                        0x00001389   Thumb Code   160  fsl_clock_manager.o(i.CLOCK_SYS_OscInit)
    CLOCK_SYS_RtcOscInit                     0x00001491   Thumb Code   204  fsl_clock_manager.o(i.CLOCK_SYS_RtcOscInit)
    CLOCK_SYS_SetConfiguration               0x000015c5   Thumb Code    72  fsl_clock_mk60d10.o(i.CLOCK_SYS_SetConfiguration)
    CLOCK_SYS_SetMcgMode                     0x0000162d   Thumb Code   340  fsl_clock_manager.o(i.CLOCK_SYS_SetMcgMode)
    CLOCK_SYS_SetOscerConfigration           0x000017cd   Thumb Code    32  fsl_clock_manager.o(i.CLOCK_SYS_SetOscerConfigration)
    DbgConsole_Init                          0x00001831   Thumb Code   158  fsl_debug_console.o(i.DbgConsole_Init)
    OSC_HAL_SetCapacitor                     0x00001b35   Thumb Code    12  fsl_osc_hal.o(i.OSC_HAL_SetCapacitor)
    SystemInit                               0x00001c75   Thumb Code    22  system_mk60d10.o(i.SystemInit)
    UART_HAL_Getchar                         0x00001c91   Thumb Code    12  fsl_uart_hal.o(i.UART_HAL_Getchar)
    UART_HAL_Putchar                         0x00001c9d   Thumb Code    10  fsl_uart_hal.o(i.UART_HAL_Putchar)
    UART_HAL_ReceiveDataPolling              0x00001ca7   Thumb Code    86  fsl_uart_hal.o(i.UART_HAL_ReceiveDataPolling)
    UART_HAL_SendDataPolling                 0x00001cfd   Thumb Code    46  fsl_uart_hal.o(i.UART_HAL_SendDataPolling)
    UART_HAL_SetBaudRate                     0x00001d2b   Thumb Code    68  fsl_uart_hal.o(i.UART_HAL_SetBaudRate)
    UART_HAL_SetParityMode                   0x00001d6f   Thumb Code    28  fsl_uart_hal.o(i.UART_HAL_SetParityMode)
    __aeabi_assert                           0x00001d8d   Thumb Code    22  fsl_misc_utilities.o(i.__aeabi_assert)
    configure_uart_pins                      0x00001dc5   Thumb Code    64  pin_mux.o(i.configure_uart_pins)
    dbg_uart_init                            0x00001e0d   Thumb Code    22  board.o(i.dbg_uart_init)
    floatToBCD                               0x00001e25   Thumb Code   134  main.o(i.floatToBCD)
    fputc                                    0x00001eb9   Thumb Code    32  fsl_debug_console.o(i.fputc)
    hardware_init                            0x00001edd   Thumb Code    30  hardware_init.o(i.hardware_init)
    init_data_bss                            0x00001efd   Thumb Code    54  startup.o(i.init_data_bss)
    ledToggle                                0x00001f45   Thumb Code    20  main.o(i.ledToggle)
    main                                     0x00001f59   Thumb Code    18  main.o(i.main)
    __aeabi_d2f                              0x00001f6d   Thumb Code     0  d2f.o(x$fpl$d2f)
    _d2f                                     0x00001f6d   Thumb Code    98  d2f.o(x$fpl$d2f)
    __aeabi_ddiv                             0x00001fd1   Thumb Code     0  ddiv.o(x$fpl$ddiv)
    _ddiv                                    0x00001fd1   Thumb Code   552  ddiv.o(x$fpl$ddiv)
    __aeabi_i2d                              0x00002281   Thumb Code     0  dflt_clz.o(x$fpl$dflt)
    _dflt                                    0x00002281   Thumb Code    46  dflt_clz.o(x$fpl$dflt)
    __aeabi_dmul                             0x000022b1   Thumb Code     0  dmul.o(x$fpl$dmul)
    _dmul                                    0x000022b1   Thumb Code   332  dmul.o(x$fpl$dmul)
    __fpl_dnaninf                            0x00002405   Thumb Code   156  dnaninf.o(x$fpl$dnaninf)
    __fpl_dretinf                            0x000024a1   Thumb Code    12  dretinf.o(x$fpl$dretinf)
    __aeabi_fadd                             0x000024ad   Thumb Code     0  faddsub_clz.o(x$fpl$fadd)
    _fadd                                    0x000024ad   Thumb Code   196  faddsub_clz.o(x$fpl$fadd)
    __aeabi_f2iz                             0x00002571   Thumb Code     0  ffix.o(x$fpl$ffix)
    _ffix                                    0x00002571   Thumb Code    54  ffix.o(x$fpl$ffix)
    __aeabi_i2f                              0x000025a9   Thumb Code     0  fflt_clz.o(x$fpl$fflt)
    _fflt                                    0x000025a9   Thumb Code    48  fflt_clz.o(x$fpl$fflt)
    __aeabi_fmul                             0x000025d9   Thumb Code     0  fmul.o(x$fpl$fmul)
    _fmul                                    0x000025d9   Thumb Code   258  fmul.o(x$fpl$fmul)
    __fpl_fnaninf                            0x000026db   Thumb Code   140  fnaninf.o(x$fpl$fnaninf)
    __fpl_fretinf                            0x00002767   Thumb Code    10  fretinf.o(x$fpl$fretinf)
    __aeabi_frsub                            0x00002771   Thumb Code     0  faddsub_clz.o(x$fpl$frsb)
    _frsb                                    0x00002771   Thumb Code    20  faddsub_clz.o(x$fpl$frsb)
    __aeabi_fsub                             0x00002785   Thumb Code     0  faddsub_clz.o(x$fpl$fsub)
    _fsub                                    0x00002785   Thumb Code   234  faddsub_clz.o(x$fpl$fsub)
    __I$use$fp                               0x0000286e   Number         0  usenofp.o(x$fpl$usenofp)
    g_defaultClockConfigVlpr                 0x00002888   Data          22  board.o(.constdata)
    g_defaultClockConfigRun                  0x0000289e   Data          22  board.o(.constdata)
    led_mask                                 0x000028d0   Data          44  main.o(.constdata)
    g_simBase                                0x00002918   Data           4  fsl_clock_manager_common.o(.constdata)
    g_mcgBase                                0x0000291c   Data           4  fsl_clock_manager_common.o(.constdata)
    g_oscBase                                0x00002920   Data           4  fsl_clock_manager_common.o(.constdata)
    g_rtcBase                                0x00002954   Data           4  fsl_rtc_common.o(.constdata)
    g_rtcIrqId                               0x00002958   Data           1  fsl_rtc_common.o(.constdata)
    g_rtcSecondsIrqId                        0x00002959   Data           1  fsl_rtc_common.o(.constdata)
    Region$$Table$$Base                      0x000029a0   Number         0  anon$$obj.o(Region$$Table)
    Region$$Table$$Limit                     0x000029c0   Number         0  anon$$obj.o(Region$$Table)
    Image$$RW_m_data$$Base                   0x1fff0000   Number         0  anon$$obj.o ABSOLUTE
    __stdout                                 0x1fff0000   Data           4  fsl_debug_console.o(.data)
    __stdin                                  0x1fff0004   Data           4  fsl_debug_console.o(.data)
    SystemCoreClock                          0x1fff0008   Data           4  system_mk60d10.o(.data)
    g_xtal0ClkFreq                           0x1fff000c   Data           4  fsl_mcg_hal.o(.data)
    g_xtalRtcClkFreq                         0x1fff0010   Data           4  fsl_mcg_hal.o(.data)
    g_fastInternalRefClkFreq                 0x1fff0014   Data           4  fsl_mcg_hal.o(.data)
    g_slowInternalRefClkFreq                 0x1fff0018   Data           4  fsl_mcg_hal.o(.data)
    Image$$ARM_LIB_HEAP$$ZI$$Base            0x1fff004c   Number         0  anon$$obj.o ABSOLUTE
    Image$$ARM_LIB_HEAP$$ZI$$Limit           0x1fff044c   Number         0  anon$$obj.o ABSOLUTE
    Image$$ARM_LIB_STACK$$ZI$$Limit          0x20010000   Number         0  anon$$obj.o ABSOLUTE



==============================================================================

Memory Map of the image

  Image Entry point : 0x00000411

  Load Region LR_m_text (Base: 0x00000410, Size: 0x000025ec, Max: 0x0007fbf0, ABSOLUTE)

    Execution Region ER_m_text (Base: 0x00000410, Size: 0x000025b0, Max: 0x0007fbf0, ABSOLUTE)

    Base Addr    Size         Type   Attr      Idx    E Section Name        Object

    0x00000410   0x00000008   Code   RO         2600  * !!!main             c_w.l(__main.o)
    0x00000418   0x00000034   Code   RO         2874    !!!scatter          c_w.l(__scatter.o)
    0x0000044c   0x0000001a   Code   RO         2876    !!handler_copy      c_w.l(__scatter_copy.o)
    0x00000466   0x00000002   PAD
    0x00000468   0x0000001c   Code   RO         2878    !!handler_zi        c_w.l(__scatter_zi.o)
    0x00000484   0x00000000   Code   RO         2595    .ARM.Collect$$_printf_percent$$00000000  c_w.l(_printf_percent.o)
    0x00000484   0x00000006   Code   RO         2594    .ARM.Collect$$_printf_percent$$00000009  c_w.l(_printf_d.o)
    0x0000048a   0x00000006   Code   RO         2593    .ARM.Collect$$_printf_percent$$00000014  c_w.l(_printf_s.o)
    0x00000490   0x00000004   Code   RO         2668    .ARM.Collect$$_printf_percent$$00000017  c_w.l(_printf_percent_end.o)
    0x00000494   0x00000002   Code   RO         2807    .ARM.Collect$$libinit$$00000000  c_w.l(libinit.o)
    0x00000496   0x00000000   Code   RO         2674    .ARM.Collect$$libinit$$00000002  c_w.l(libinit2.o)
    0x00000496   0x00000000   Code   RO         2676    .ARM.Collect$$libinit$$00000004  c_w.l(libinit2.o)
    0x00000496   0x00000000   Code   RO         2679    .ARM.Collect$$libinit$$0000000A  c_w.l(libinit2.o)
    0x00000496   0x00000000   Code   RO         2681    .ARM.Collect$$libinit$$0000000C  c_w.l(libinit2.o)
    0x00000496   0x00000000   Code   RO         2683    .ARM.Collect$$libinit$$0000000E  c_w.l(libinit2.o)
    0x00000496   0x00000000   Code   RO         2686    .ARM.Collect$$libinit$$00000011  c_w.l(libinit2.o)
    0x00000496   0x00000000   Code   RO         2688    .ARM.Collect$$libinit$$00000013  c_w.l(libinit2.o)
    0x00000496   0x00000000   Code   RO         2690    .ARM.Collect$$libinit$$00000015  c_w.l(libinit2.o)
    0x00000496   0x00000000   Code   RO         2692    .ARM.Collect$$libinit$$00000017  c_w.l(libinit2.o)
    0x00000496   0x00000000   Code   RO         2694    .ARM.Collect$$libinit$$00000019  c_w.l(libinit2.o)
    0x00000496   0x00000000   Code   RO         2696    .ARM.Collect$$libinit$$0000001B  c_w.l(libinit2.o)
    0x00000496   0x00000000   Code   RO         2698    .ARM.Collect$$libinit$$0000001D  c_w.l(libinit2.o)
    0x00000496   0x00000000   Code   RO         2700    .ARM.Collect$$libinit$$0000001F  c_w.l(libinit2.o)
    0x00000496   0x00000000   Code   RO         2702    .ARM.Collect$$libinit$$00000021  c_w.l(libinit2.o)
    0x00000496   0x00000000   Code   RO         2704    .ARM.Collect$$libinit$$00000023  c_w.l(libinit2.o)
    0x00000496   0x00000000   Code   RO         2706    .ARM.Collect$$libinit$$00000025  c_w.l(libinit2.o)
    0x00000496   0x00000000   Code   RO         2710    .ARM.Collect$$libinit$$0000002C  c_w.l(libinit2.o)
    0x00000496   0x00000000   Code   RO         2712    .ARM.Collect$$libinit$$0000002E  c_w.l(libinit2.o)
    0x00000496   0x00000000   Code   RO         2714    .ARM.Collect$$libinit$$00000030  c_w.l(libinit2.o)
    0x00000496   0x00000000   Code   RO         2716    .ARM.Collect$$libinit$$00000032  c_w.l(libinit2.o)
    0x00000496   0x00000002   Code   RO         2717    .ARM.Collect$$libinit$$00000033  c_w.l(libinit2.o)
    0x00000498   0x00000002   Code   RO         2871    .ARM.Collect$$libshutdown$$00000000  c_w.l(libshutdown.o)
    0x0000049a   0x00000000   Code   RO         2827    .ARM.Collect$$libshutdown$$00000002  c_w.l(libshutdown2.o)
    0x0000049a   0x00000000   Code   RO         2829    .ARM.Collect$$libshutdown$$00000004  c_w.l(libshutdown2.o)
    0x0000049a   0x00000000   Code   RO         2832    .ARM.Collect$$libshutdown$$00000007  c_w.l(libshutdown2.o)
    0x0000049a   0x00000000   Code   RO         2835    .ARM.Collect$$libshutdown$$0000000A  c_w.l(libshutdown2.o)
    0x0000049a   0x00000000   Code   RO         2837    .ARM.Collect$$libshutdown$$0000000C  c_w.l(libshutdown2.o)
    0x0000049a   0x00000000   Code   RO         2840    .ARM.Collect$$libshutdown$$0000000F  c_w.l(libshutdown2.o)
    0x0000049a   0x00000002   Code   RO         2841    .ARM.Collect$$libshutdown$$00000010  c_w.l(libshutdown2.o)
    0x0000049c   0x00000000   Code   RO         2636    .ARM.Collect$$rtentry$$00000000  c_w.l(__rtentry.o)
    0x0000049c   0x00000000   Code   RO         2733    .ARM.Collect$$rtentry$$00000002  c_w.l(__rtentry2.o)
    0x0000049c   0x00000004   Code   RO         2747    .ARM.Collect$$rtentry$$00000007  c_w.l(__rtentry7.o)
    0x000004a0   0x00000000   Code   RO         2735    .ARM.Collect$$rtentry$$00000009  c_w.l(__rtentry2.o)
    0x000004a0   0x00000004   Code   RO         2736    .ARM.Collect$$rtentry$$0000000A  c_w.l(__rtentry2.o)
    0x000004a4   0x00000000   Code   RO         2738    .ARM.Collect$$rtentry$$0000000C  c_w.l(__rtentry2.o)
    0x000004a4   0x00000008   Code   RO         2739    .ARM.Collect$$rtentry$$0000000D  c_w.l(__rtentry2.o)
    0x000004ac   0x00000004   Code   RO         2748    .ARM.Collect$$rtentry$$00002718  c_w.l(__rtentry7.o)
    0x000004b0   0x00000002   Code   RO         2812    .ARM.Collect$$rtexit$$00000000  c_w.l(rtexit.o)
    0x000004b2   0x00000000   Code   RO         2845    .ARM.Collect$$rtexit$$00000002  c_w.l(rtexit2.o)
    0x000004b2   0x00000004   Code   RO         2846    .ARM.Collect$$rtexit$$00000003  c_w.l(rtexit2.o)
    0x000004b6   0x00000006   Code   RO         2847    .ARM.Collect$$rtexit$$00000004  c_w.l(rtexit2.o)
    0x000004bc   0x00000038   Code   RO          253    .text               startup_mk60d10.o
    0x000004f4   0x00000018   Code   RO         2565    .text               c_w.l(noretval__2printf.o)
    0x0000050c   0x00000068   Code   RO         2567    .text               c_w.l(__printf.o)
    0x00000574   0x00000052   Code   RO         2569    .text               c_w.l(_printf_str.o)
    0x000005c6   0x00000002   PAD
    0x000005c8   0x00000078   Code   RO         2571    .text               c_w.l(_printf_dec.o)
    0x00000640   0x00000064   Code   RO         2598    .text               c_w.l(rt_memcpy_w.o)
    0x000006a4   0x000000b2   Code   RO         2662    .text               c_w.l(_printf_intcommon.o)
    0x00000756   0x0000002c   Code   RO         2664    .text               c_w.l(_printf_char.o)
    0x00000782   0x00000002   PAD
    0x00000784   0x00000024   Code   RO         2666    .text               c_w.l(_printf_char_file.o)
    0x000007a8   0x00000030   Code   RO         2760    .text               c_w.l(_printf_char_common.o)
    0x000007d8   0x00000008   Code   RO         2762    .text               c_w.l(ferror.o)
    0x000007e0   0x00000002   Code   RO         2781    .text               c_w.l(use_no_semi.o)
    0x000007e2   0x00000000   Code   RO         2783    .text               c_w.l(indicate_semi.o)
    0x000007e2   0x00000012   Code   RO         2792    .text               c_w.l(exit.o)
    0x000007f4   0x0000000c   Code   RO         2808    .text               c_w.l(sys_exit.o)
    0x00000800   0x00000270   Code   RO          878    MyCode              asmmain.o
    0x00000a70   0x0000003c   Code   RO          539    i.BOARD_ClockInit   board.o
    0x00000aac   0x00000018   Code   RO          540    i.BOARD_InitOsc0    board.o
    0x00000ac4   0x00000018   Code   RO          541    i.BOARD_InitRtcOsc  board.o
    0x00000adc   0x00000040   Code   RO         2006    i.CLOCK_HAL_EnablePll0InFllMode  libksdk_platform.lib(fsl_mcg_hal.o)
    0x00000b1c   0x0000000a   Code   RO          885    i.CLOCK_HAL_GetClkOutStat  libksdk_platform.lib(fsl_clock_manager.o)
    0x00000b26   0x0000000a   Code   RO         2152    i.CLOCK_HAL_GetClkOutStat  libksdk_platform.lib(fsl_mcg_hal_modes.o)
    0x00000b30   0x00000052   Code   RO         2010    i.CLOCK_HAL_GetFllClk  libksdk_platform.lib(fsl_mcg_hal.o)
    0x00000b82   0x00000002   PAD
    0x00000b84   0x00000054   Code   RO         2011    i.CLOCK_HAL_GetFllRefClk  libksdk_platform.lib(fsl_mcg_hal.o)
    0x00000bd8   0x0000000e   Code   RO         2153    i.CLOCK_HAL_GetFllSrc  libksdk_platform.lib(fsl_mcg_hal_modes.o)
    0x00000be6   0x00000002   PAD
    0x00000be8   0x0000003c   Code   RO         2012    i.CLOCK_HAL_GetInternalRefClk  libksdk_platform.lib(fsl_mcg_hal.o)
    0x00000c24   0x0000000e   Code   RO         2013    i.CLOCK_HAL_GetInternalRefClkMode  libksdk_platform.lib(fsl_mcg_hal.o)
    0x00000c32   0x0000000e   Code   RO         2154    i.CLOCK_HAL_GetInternalRefClkMode  libksdk_platform.lib(fsl_mcg_hal_modes.o)
    0x00000c40   0x00000018   Code   RO         2014    i.CLOCK_HAL_GetMcgExternalClkFreq  libksdk_platform.lib(fsl_mcg_hal.o)
    0x00000c58   0x00000096   Code   RO         2155    i.CLOCK_HAL_GetMcgMode  libksdk_platform.lib(fsl_mcg_hal_modes.o)
    0x00000cee   0x0000004e   Code   RO         2015    i.CLOCK_HAL_GetOutClk  libksdk_platform.lib(fsl_mcg_hal.o)
    0x00000d3c   0x00000044   Code   RO         2016    i.CLOCK_HAL_GetPll0Clk  libksdk_platform.lib(fsl_mcg_hal.o)
    0x00000d80   0x0000000c   Code   RO         2017    i.CLOCK_HAL_GetPll0RefFreq  libksdk_platform.lib(fsl_mcg_hal.o)
    0x00000d8c   0x00000016   Code   RO         2156    i.CLOCK_HAL_IsOsc0Stable  libksdk_platform.lib(fsl_mcg_hal_modes.o)
    0x00000da2   0x00000016   Code   RO         2157    i.CLOCK_HAL_IsPllSelected  libksdk_platform.lib(fsl_mcg_hal_modes.o)
    0x00000db8   0x0000002e   Code   RO         2158    i.CLOCK_HAL_PrepareOsc  libksdk_platform.lib(fsl_mcg_hal_modes.o)
    0x00000de6   0x0000000a   Code   RO          886    i.CLOCK_HAL_SetClkOutSrc  libksdk_platform.lib(fsl_clock_manager.o)
    0x00000df0   0x000000ec   Code   RO         2161    i.CLOCK_HAL_SetFbeMode  libksdk_platform.lib(fsl_mcg_hal_modes.o)
    0x00000edc   0x000000b4   Code   RO         2162    i.CLOCK_HAL_SetFbiMode  libksdk_platform.lib(fsl_mcg_hal_modes.o)
    0x00000f90   0x0000000c   Code   RO         2018    i.CLOCK_HAL_SetInternalRefClkMode  libksdk_platform.lib(fsl_mcg_hal.o)
    0x00000f9c   0x0000000c   Code   RO          887    i.CLOCK_HAL_SetLowPowerModeCmd  libksdk_platform.lib(fsl_clock_manager.o)
    0x00000fa8   0x00000024   Code   RO         2019    i.CLOCK_HAL_SetOsc0Mode  libksdk_platform.lib(fsl_mcg_hal.o)
    0x00000fcc   0x00000038   Code   RO         2305    i.CLOCK_HAL_SetOutDiv  libksdk_platform.lib(fsl_sim_hal_mk60d10.o)
    0x00001004   0x000000e8   Code   RO         2165    i.CLOCK_HAL_SetPbeMode  libksdk_platform.lib(fsl_mcg_hal_modes.o)
    0x000010ec   0x00000046   Code   RO         2020    i.CLOCK_HAL_TestFllExternalRefFreq  libksdk_platform.lib(fsl_mcg_hal.o)
    0x00001132   0x00000002   PAD
    0x00001134   0x00000038   Code   RO         2021    i.CLOCK_HAL_TestFllFreq  libksdk_platform.lib(fsl_mcg_hal.o)
    0x0000116c   0x00000028   Code   RO         2022    i.CLOCK_HAL_TestOscFreq  libksdk_platform.lib(fsl_mcg_hal.o)
    0x00001194   0x00000068   Code   RO         2024    i.CLOCK_HAL_UpdateFastClkInternalRefDiv  libksdk_platform.lib(fsl_mcg_hal.o)
    0x000011fc   0x0000006c   Code   RO         1079    i.CLOCK_SYS_EnablePortClock  libksdk_platform.lib(fsl_clock_mk60d10.o)
    0x00001268   0x0000006c   Code   RO         1081    i.CLOCK_SYS_EnableUartClock  libksdk_platform.lib(fsl_clock_mk60d10.o)
    0x000012d4   0x0000001e   Code   RO         1082    i.CLOCK_SYS_FllStableDelay  libksdk_platform.lib(fsl_clock_mk60d10.o)
    0x000012f2   0x00000002   PAD
    0x000012f4   0x00000024   Code   RO         1084    i.CLOCK_SYS_GetBusClockFreq  libksdk_platform.lib(fsl_clock_mk60d10.o)
    0x00001318   0x00000020   Code   RO         1085    i.CLOCK_SYS_GetCoreClockFreq  libksdk_platform.lib(fsl_clock_mk60d10.o)
    0x00001338   0x00000020   Code   RO         1107    i.CLOCK_SYS_GetSystemClockFreq  libksdk_platform.lib(fsl_clock_mk60d10.o)
    0x00001358   0x0000002e   Code   RO         1109    i.CLOCK_SYS_GetUartFreq  libksdk_platform.lib(fsl_clock_mk60d10.o)
    0x00001386   0x00000002   PAD
    0x00001388   0x00000108   Code   RO          892    i.CLOCK_SYS_OscInit  libksdk_platform.lib(fsl_clock_manager.o)
    0x00001490   0x00000134   Code   RO          894    i.CLOCK_SYS_RtcOscInit  libksdk_platform.lib(fsl_clock_manager.o)
    0x000015c4   0x00000068   Code   RO         1113    i.CLOCK_SYS_SetConfiguration  libksdk_platform.lib(fsl_clock_mk60d10.o)
    0x0000162c   0x00000158   Code   RO          895    i.CLOCK_SYS_SetMcgMode  libksdk_platform.lib(fsl_clock_manager.o)
    0x00001784   0x00000048   Code   RO          896    i.CLOCK_SYS_SetMcgPeeToFbe  libksdk_platform.lib(fsl_clock_manager.o)
    0x000017cc   0x00000024   Code   RO          897    i.CLOCK_SYS_SetOscerConfigration  libksdk_platform.lib(fsl_clock_manager.o)
    0x000017f0   0x00000040   Code   RO         1114    i.CLOCK_SYS_SetSimConfigration  libksdk_platform.lib(fsl_clock_mk60d10.o)
    0x00001830   0x000000b0   Code   RO           56    i.DbgConsole_Init   fsl_debug_console.o
    0x000018e0   0x0000007c   Code   RO          786    i.LED_Config        main.o
    0x0000195c   0x000001d8   Code   RO          787    i.LED_On            main.o
    0x00001b34   0x0000000c   Code   RO         2258    i.OSC_HAL_SetCapacitor  libksdk_platform.lib(fsl_osc_hal.o)
    0x00001b40   0x0000000a   Code   RO          899    i.OSC_HAL_SetExternalRefClkCmd  libksdk_platform.lib(fsl_clock_manager.o)
    0x00001b4a   0x0000000a   Code   RO          900    i.OSC_HAL_SetExternalRefClkInStopModeCmd  libksdk_platform.lib(fsl_clock_manager.o)
    0x00001b54   0x00000078   Code   RO          385    i.PORT_HAL_SetMuxMode  pin_mux.o
    0x00001bcc   0x00000078   Code   RO          542    i.PORT_HAL_SetMuxMode  board.o
    0x00001c44   0x0000000e   Code   RO          901    i.RTC_HAL_SetOscillatorCmd  libksdk_platform.lib(fsl_clock_manager.o)
    0x00001c52   0x00000022   Code   RO         1116    i.SIM_HAL_EnableClock  libksdk_platform.lib(fsl_clock_mk60d10.o)
    0x00001c74   0x0000001c   Code   RO          261    i.SystemInit        system_mk60d10.o
    0x00001c90   0x0000000c   Code   RO         1491    i.UART_HAL_Getchar  libksdk_platform.lib(fsl_uart_hal.o)
    0x00001c9c   0x0000000a   Code   RO         1495    i.UART_HAL_Putchar  libksdk_platform.lib(fsl_uart_hal.o)
    0x00001ca6   0x00000056   Code   RO         1497    i.UART_HAL_ReceiveDataPolling  libksdk_platform.lib(fsl_uart_hal.o)
    0x00001cfc   0x0000002e   Code   RO         1501    i.UART_HAL_SendDataPolling  libksdk_platform.lib(fsl_uart_hal.o)
    0x00001d2a   0x00000044   Code   RO         1502    i.UART_HAL_SetBaudRate  libksdk_platform.lib(fsl_uart_hal.o)
    0x00001d6e   0x0000001c   Code   RO         1509    i.UART_HAL_SetParityMode  libksdk_platform.lib(fsl_uart_hal.o)
    0x00001d8a   0x00000002   PAD
    0x00001d8c   0x00000038   Code   RO            4    i.__aeabi_assert    fsl_misc_utilities.o
    0x00001dc4   0x00000048   Code   RO          406    i.configure_uart_pins  pin_mux.o
    0x00001e0c   0x00000016   Code   RO          543    i.dbg_uart_init     board.o
    0x00001e22   0x00000002   PAD
    0x00001e24   0x00000094   Code   RO          788    i.floatToBCD        main.o
    0x00001eb8   0x00000024   Code   RO           63    i.fputc             fsl_debug_console.o
    0x00001edc   0x0000001e   Code   RO          609    i.hardware_init     hardware_init.o
    0x00001efa   0x00000002   PAD
    0x00001efc   0x00000048   Code   RO          299    i.init_data_bss     startup.o
    0x00001f44   0x00000014   Code   RO          789    i.ledToggle         main.o
    0x00001f58   0x00000012   Code   RO          790    i.main              main.o
    0x00001f6a   0x00000002   PAD
    0x00001f6c   0x00000062   Code   RO         2602    x$fpl$d2f           fz_ws.l(d2f.o)
    0x00001fce   0x00000002   PAD
    0x00001fd0   0x000002b0   Code   RO         2605    x$fpl$ddiv          fz_ws.l(ddiv.o)
    0x00002280   0x0000002e   Code   RO         2609    x$fpl$dflt          fz_ws.l(dflt_clz.o)
    0x000022ae   0x00000002   PAD
    0x000022b0   0x00000154   Code   RO         2614    x$fpl$dmul          fz_ws.l(dmul.o)
    0x00002404   0x0000009c   Code   RO         2718    x$fpl$dnaninf       fz_ws.l(dnaninf.o)
    0x000024a0   0x0000000c   Code   RO         2720    x$fpl$dretinf       fz_ws.l(dretinf.o)
    0x000024ac   0x000000c4   Code   RO         2616    x$fpl$fadd          fz_ws.l(faddsub_clz.o)
    0x00002570   0x00000036   Code   RO         2622    x$fpl$ffix          fz_ws.l(ffix.o)
    0x000025a6   0x00000002   PAD
    0x000025a8   0x00000030   Code   RO         2627    x$fpl$fflt          fz_ws.l(fflt_clz.o)
    0x000025d8   0x00000102   Code   RO         2632    x$fpl$fmul          fz_ws.l(fmul.o)
    0x000026da   0x0000008c   Code   RO         2722    x$fpl$fnaninf       fz_ws.l(fnaninf.o)
    0x00002766   0x0000000a   Code   RO         2724    x$fpl$fretinf       fz_ws.l(fretinf.o)
    0x00002770   0x00000014   Code   RO         2617    x$fpl$frsb          fz_ws.l(faddsub_clz.o)
    0x00002784   0x000000ea   Code   RO         2618    x$fpl$fsub          fz_ws.l(faddsub_clz.o)
    0x0000286e   0x00000000   Code   RO         2726    x$fpl$usenofp       fz_ws.l(usenofp.o)
    0x0000286e   0x00000002   PAD
    0x00002870   0x00000018   Data   RO           65    .constdata          fsl_debug_console.o
    0x00002888   0x00000048   Data   RO          544    .constdata          board.o
    0x000028d0   0x0000002c   Data   RO          791    .constdata          main.o
    0x000028fc   0x00000019   Data   RO         1118    .constdata          libksdk_platform.lib(fsl_clock_mk60d10.o)
    0x00002915   0x00000003   PAD
    0x00002918   0x0000000c   Data   RO         1973    .constdata          libksdk_platform.lib(fsl_clock_manager_common.o)
    0x00002924   0x00000030   Data   RO         2025    .constdata          libksdk_platform.lib(fsl_mcg_hal.o)
    0x00002954   0x00000006   Data   RO         2282    .constdata          libksdk_platform.lib(fsl_rtc_common.o)
    0x0000295a   0x00000002   PAD
    0x0000295c   0x00000042   Data   RO         1119    .conststring        libksdk_platform.lib(fsl_clock_mk60d10.o)
    0x0000299e   0x00000002   PAD
    0x000029a0   0x00000020   Data   RO         2872    Region$$Table       anon$$obj.o


    Execution Region RW_m_data (Base: 0x1fff0000, Size: 0x0000004c, Max: 0x00010000, ABSOLUTE)

    Base Addr    Size         Type   Attr      Idx    E Section Name        Object

    0x1fff0000   0x00000008   Data   RW           66    .data               fsl_debug_console.o
    0x1fff0008   0x00000004   Data   RW          262    .data               system_mk60d10.o
    0x1fff000c   0x00000010   Data   RW         2026    .data               libksdk_platform.lib(fsl_mcg_hal.o)
    0x1fff001c   0x00000020   Data   RW          879    stack1              asmmain.o
    0x1fff003c   0x00000010   Zero   RW           64    .bss                fsl_debug_console.o


    Execution Region ARM_LIB_HEAP (Base: 0x1fff004c, Size: 0x00000400, Max: 0x00000400, ABSOLUTE)

    Base Addr    Size         Type   Attr      Idx    E Section Name        Object

    0x1fff004c   0x00000400   Zero   RW            1    ARM_LIB_HEAP.bss    anon$$obj.o


    Execution Region RW_m_data_2 (Base: 0x20000000, Size: 0x00000000, Max: 0x0000f800, ABSOLUTE)

    **** No section assigned to this execution region ****


    Execution Region ARM_LIB_STACK (Base: 0x2000fc00, Size: 0x00000400, Max: 0x00000400, ABSOLUTE)

    Base Addr    Size         Type   Attr      Idx    E Section Name        Object

    0x2000fc00   0x00000400   Zero   RW            2    ARM_LIB_STACK.bss   anon$$obj.o



  Load Region LR_m_interrupts (Base: 0x00000000, Size: 0x00000400, Max: 0x00000400, ABSOLUTE)

    Execution Region VECTOR_RAM (Base: 0x00000000, Size: 0x00000000, Max: 0x00000000, ABSOLUTE)

    Base Addr    Size         Type   Attr      Idx    E Section Name        Object

    0x00000000   0x00000000   Zero   RW            3    VECTOR_RAM.bss      anon$$obj.o


    Execution Region VECTOR_ROM (Base: 0x00000000, Size: 0x00000400, Max: 0x00000400, ABSOLUTE)

    Base Addr    Size         Type   Attr      Idx    E Section Name        Object

    0x00000000   0x00000400   Data   RO          251    RESET               startup_mk60d10.o



  Load Region LR_m_flash_config (Base: 0x00000400, Size: 0x00000010, Max: 0x00000010, ABSOLUTE)

    Execution Region ER_m_flash_config (Base: 0x00000400, Size: 0x00000010, Max: 0x00000010, ABSOLUTE)

    Base Addr    Size         Type   Attr      Idx    E Section Name        Object

    0x00000400   0x00000010   Data   RO          252    FlashConfig         startup_mk60d10.o


==============================================================================

Image component sizes


      Code (inc. data)   RO Data    RW Data    ZI Data      Debug   Object Name

       624        148          0         32          0        428   asmmain.o
       250         94         72          0          0       7485   board.o
       212         22         24          8         16     663109   fsl_debug_console.o
        56         34          0          0          0       6097   fsl_misc_utilities.o
        30          0          0          0          0        512   hardware_init.o
       782         40         44          0          0       3761   main.o
       192         80          0          0          0       3034   pin_mux.o
        72         18          0          0          0        532   startup.o
        56         18       1040          0          0        896   startup_mk60d10.o
        28          6          0          4          0        807   system_mk60d10.o

    ----------------------------------------------------------------------
      2308        460       1212         44       2064     686661   Object Totals
         0          0         32          0       2048          0   (incl. Generated)
         6          0          0          0          0          0   (incl. Padding)

    ----------------------------------------------------------------------

      Code (inc. data)   RO Data    RW Data    ZI Data      Debug   Library Member Name

         8          0          0          0          0         68   __main.o
       104          0          0          0          0         84   __printf.o
         0          0          0          0          0          0   __rtentry.o
        12          0          0          0          0          0   __rtentry2.o
         8          4          0          0          0          0   __rtentry7.o
        52          8          0          0          0          0   __scatter.o
        26          0          0          0          0          0   __scatter_copy.o
        28          0          0          0          0          0   __scatter_zi.o
        44          0          0          0          0        108   _printf_char.o
        48          6          0          0          0         96   _printf_char_common.o
        36          4          0          0          0         80   _printf_char_file.o
         6          0          0          0          0          0   _printf_d.o
       120         16          0          0          0         92   _printf_dec.o
       178          0          0          0          0         88   _printf_intcommon.o
         0          0          0          0          0          0   _printf_percent.o
         4          0          0          0          0          0   _printf_percent_end.o
         6          0          0          0          0          0   _printf_s.o
        82          0          0          0          0         80   _printf_str.o
        18          0          0          0          0         80   exit.o
         8          0          0          0          0         68   ferror.o
         0          0          0          0          0          0   indicate_semi.o
         2          0          0          0          0          0   libinit.o
         2          0          0          0          0          0   libinit2.o
         2          0          0          0          0          0   libshutdown.o
         2          0          0          0          0          0   libshutdown2.o
        24          4          0          0          0         84   noretval__2printf.o
       100          0          0          0          0         80   rt_memcpy_w.o
         2          0          0          0          0          0   rtexit.o
        10          0          0          0          0          0   rtexit2.o
        12          4          0          0          0         68   sys_exit.o
         2          0          0          0          0         68   use_no_semi.o
        98          4          0          0          0         92   d2f.o
       688        140          0          0          0        208   ddiv.o
        46          0          0          0          0         68   dflt_clz.o
       340         12          0          0          0        104   dmul.o
       156          4          0          0          0         92   dnaninf.o
        12          0          0          0          0         68   dretinf.o
       450          8          0          0          0        236   faddsub_clz.o
        54          4          0          0          0         84   ffix.o
        48          0          0          0          0         68   fflt_clz.o
       258          4          0          0          0         84   fmul.o
       140          4          0          0          0         84   fnaninf.o
        10          0          0          0          0         68   fretinf.o
         0          0          0          0          0          0   usenofp.o
      1090        222          0          0          0     663009   fsl_clock_manager.o
         0          0         12          0          0        844   fsl_clock_manager_common.o
       594        218         91          0          0      32503   fsl_clock_mk60d10.o
       804         36         48         16          0      15754   fsl_mcg_hal.o
       926         14          0          0          0      11800   fsl_mcg_hal_modes.o
        12          0          0          0          0        903   fsl_osc_hal.o
         0          0          6          0          0        753   fsl_rtc_common.o
        56          0          0          0          0       1314   fsl_sim_hal_mk60d10.o
       250          0          0          0          0      12279   fsl_uart_hal.o

    ----------------------------------------------------------------------
      7004        716        164         16          0     741559   Library Totals
        26          0          7          0          0          0   (incl. Padding)

    ----------------------------------------------------------------------

      Code (inc. data)   RO Data    RW Data    ZI Data      Debug   Library Name

       946         46          0          0          0       1144   c_w.l
      2300        180          0          0          0       1256   fz_ws.l
      3732        490        157         16          0     739159   libksdk_platform.lib

    ----------------------------------------------------------------------
      7004        716        164         16          0     741559   Library Totals

    ----------------------------------------------------------------------

==============================================================================


      Code (inc. data)   RO Data    RW Data    ZI Data      Debug   

      9312       1176       1376         60       2064    1423380   Grand Totals
      9312       1176       1376         60       2064    1423380   ELF Image Totals
      9312       1176       1376         60          0          0   ROM Totals

==============================================================================

    Total RO  Size (Code + RO Data)                10688 (  10.44kB)
    Total RW  Size (RW Data + ZI Data)              2124 (   2.07kB)
    Total ROM Size (Code + RO Data + RW Data)      10748 (  10.50kB)

==============================================================================

